0 verbose cli C:\Program Files\nodejs\node.exe C:\Program Files\nodejs\node_modules\npm\bin\npm-cli.js
1 info using npm@11.16.0
2 info using node@v26.3.0
3 silly config load:file:C:\Program Files\nodejs\node_modules\npm\npmrc
4 silly config load:file:C:\SWE2\.npmrc
5 silly config load:file:C:\Users\tilew\.npmrc
6 silly config load:file:C:\Users\tilew\AppData\Roaming\npm\etc\npmrc
7 verbose title npm install expo-share-intent@5.1.1 @zhanziyang/expo-text-extractor@1.0.2
8 verbose argv "install" "expo-share-intent@5.1.1" "@zhanziyang/expo-text-extractor@1.0.2" "--cache" "C:\\SWE2\\.npm-cache"
9 verbose logfile logs-max:10 dir:C:\SWE2\.npm-cache\_logs\2026-07-24T09_14_17_643Z-
10 verbose logfile C:\SWE2\.npm-cache\_logs\2026-07-24T09_14_17_643Z-debug-0.log
11 silly logfile done cleaning log files
12 silly packumentCache heap:2248146944 maxSize:562036736 maxEntrySize:281018368
13 verbose shrinkwrap failed to load node_modules/.package-lock.json out of date, updated: node_modules/@react-native/gradle-plugin
14 silly idealTree buildDeps
15 silly fetch manifest expo-share-intent@5.1.1
16 silly packumentCache full:https://registry.npmjs.org/expo-share-intent cache-miss
17 http cache https://registry.npmjs.org/expo-share-intent 67ms (cache hit)
18 silly packumentCache full:https://registry.npmjs.org/expo-share-intent set size:227034 disposed:false
19 silly fetch manifest expo@~54.0.35
20 silly packumentCache full:https://registry.npmjs.org/expo cache-miss
21 http fetch GET 200 https://registry.npmjs.org/expo 4356ms (cache miss)
22 silly packumentCache full:https://registry.npmjs.org/expo set size:undefined disposed:false
23 silly fetch manifest @expo/dom-webview@*
24 silly packumentCache full:https://registry.npmjs.org/@expo%2fdom-webview cache-miss
25 http fetch GET 200 https://registry.npmjs.org/@expo%2fdom-webview 869ms (cache miss)
26 silly packumentCache full:https://registry.npmjs.org/@expo%2fdom-webview set size:undefined disposed:false
27 silly fetch manifest react@19.1.0
28 silly packumentCache full:https://registry.npmjs.org/react cache-miss
29 http fetch GET 200 https://registry.npmjs.org/react 230ms (cache miss)
30 silly packumentCache full:https://registry.npmjs.org/react set size:undefined disposed:false
31 silly fetch manifest react-native@0.81.5
32 silly packumentCache full:https://registry.npmjs.org/react-native cache-miss
33 http fetch GET 200 https://registry.npmjs.org/react-native 482ms (cache miss)
34 silly packumentCache full:https://registry.npmjs.org/react-native set size:undefined disposed:false
35 silly fetch manifest @types/react@~19.1.0
36 silly packumentCache full:https://registry.npmjs.org/@types%2freact cache-miss
37 http fetch GET 200 https://registry.npmjs.org/@types%2freact 264ms (cache miss)
38 silly packumentCache full:https://registry.npmjs.org/@types%2freact set size:undefined disposed:false
39 silly fetch manifest @expo/metro-runtime@*
40 silly packumentCache full:https://registry.npmjs.org/@expo%2fmetro-runtime cache-miss
41 http fetch GET 200 https://registry.npmjs.org/@expo%2fmetro-runtime 137ms (cache miss)
42 silly packumentCache full:https://registry.npmjs.org/@expo%2fmetro-runtime set size:undefined disposed:false
43 silly fetch manifest react-dom@19.1.0
44 silly packumentCache full:https://registry.npmjs.org/react-dom cache-miss
45 http fetch GET 200 https://registry.npmjs.org/react-dom 398ms (cache miss)
46 silly packumentCache full:https://registry.npmjs.org/react-dom set size:undefined disposed:false
47 silly fetch manifest react-native-webview@*
48 silly packumentCache full:https://registry.npmjs.org/react-native-webview cache-miss
49 http fetch GET 200 https://registry.npmjs.org/react-native-webview 184ms (cache miss)
50 silly packumentCache full:https://registry.npmjs.org/react-native-webview set size:undefined disposed:false
51 silly fetch manifest @zhanziyang/expo-text-extractor@1.0.2
52 silly packumentCache full:https://registry.npmjs.org/@zhanziyang%2fexpo-text-extractor cache-miss
53 http cache https://registry.npmjs.org/@zhanziyang%2fexpo-text-extractor 29ms (cache hit)
54 silly packumentCache full:https://registry.npmjs.org/@zhanziyang%2fexpo-text-extractor set size:18445 disposed:false
55 silly fetch manifest expo-modules-core@>=1.5.0
56 silly packumentCache full:https://registry.npmjs.org/expo-modules-core cache-miss
57 http fetch GET 200 https://registry.npmjs.org/expo-modules-core 370ms (cache miss)
58 silly packumentCache full:https://registry.npmjs.org/expo-modules-core set size:undefined disposed:false
59 silly fetch manifest react-native-worklets@0.5.1
60 silly packumentCache full:https://registry.npmjs.org/react-native-worklets cache-miss
61 http fetch GET 200 https://registry.npmjs.org/react-native-worklets 316ms (cache miss)
62 silly packumentCache full:https://registry.npmjs.org/react-native-worklets set size:undefined disposed:false
63 silly fetch manifest react-native-worklets@^0.7.4 || ^0.8.0 || ^0.9.0 || ^0.10.0
64 silly packumentCache full:https://registry.npmjs.org/react-native-worklets cache-miss
65 http cache https://registry.npmjs.org/react-native-worklets 42ms (cache hit)
66 silly packumentCache full:https://registry.npmjs.org/react-native-worklets set size:3025488 disposed:false
67 silly fetch manifest @babel/core@^7.0.0-0
68 silly packumentCache full:https://registry.npmjs.org/@babel%2fcore cache-miss
69 http fetch GET 200 https://registry.npmjs.org/@babel%2fcore 143ms (cache miss)
70 silly packumentCache full:https://registry.npmjs.org/@babel%2fcore set size:undefined disposed:false
71 silly placeDep ROOT @zhanziyang/expo-text-extractor@1.0.2 OK for: shopwithezzv2@1.0.0 want: 1.0.2
72 silly placeDep ROOT expo-share-intent@5.1.1 OK for: shopwithezzv2@1.0.0 want: 5.1.1
73 silly fetch manifest @expo/config-plugins@~10.1.1
74 silly packumentCache full:https://registry.npmjs.org/@expo%2fconfig-plugins cache-miss
75 http fetch GET 200 https://registry.npmjs.org/@expo%2fconfig-plugins 632ms (cache miss)
76 silly packumentCache full:https://registry.npmjs.org/@expo%2fconfig-plugins set size:undefined disposed:false
77 silly placeDep node_modules/expo-share-intent @expo/config-plugins@10.1.2 OK for: expo-share-intent@5.1.1 want: ~10.1.1
78 silly fetch manifest glob@^10.4.2
79 silly packumentCache full:https://registry.npmjs.org/glob cache-miss
80 silly fetch manifest semver@^7.5.4
81 silly packumentCache full:https://registry.npmjs.org/semver cache-miss
82 silly fetch manifest @expo/plist@^0.3.5
83 silly packumentCache full:https://registry.npmjs.org/@expo%2fplist cache-miss
84 http fetch GET 200 https://registry.npmjs.org/glob 145ms (cache miss)
85 silly packumentCache full:https://registry.npmjs.org/glob set size:undefined disposed:false
86 silly fetch manifest @expo/json-file@~9.1.5
87 silly packumentCache full:https://registry.npmjs.org/@expo%2fjson-file cache-miss
88 http fetch GET 200 https://registry.npmjs.org/semver 295ms (cache miss)
89 silly packumentCache full:https://registry.npmjs.org/semver set size:undefined disposed:false
90 silly fetch manifest @expo/config-types@^53.0.5
91 silly packumentCache full:https://registry.npmjs.org/@expo%2fconfig-types cache-miss
92 http fetch GET 200 https://registry.npmjs.org/@expo%2fjson-file 448ms (cache miss)
93 silly packumentCache full:https://registry.npmjs.org/@expo%2fjson-file set size:undefined disposed:false
94 http fetch GET 200 https://registry.npmjs.org/@expo%2fplist 631ms (cache miss)
95 silly packumentCache full:https://registry.npmjs.org/@expo%2fplist set size:undefined disposed:false
96 http fetch GET 200 https://registry.npmjs.org/@expo%2fconfig-types 555ms (cache miss)
97 silly packumentCache full:https://registry.npmjs.org/@expo%2fconfig-types set size:undefined disposed:false
98 silly placeDep node_modules/expo-share-intent @expo/config-types@53.0.5 OK for: @expo/config-plugins@10.1.2 want: ^53.0.5
99 silly placeDep node_modules/expo-share-intent @expo/json-file@9.1.5 OK for: @expo/config-plugins@10.1.2 want: ~9.1.5
100 silly placeDep node_modules/expo-share-intent @expo/plist@0.3.5 OK for: @expo/config-plugins@10.1.2 want: ^0.3.5
101 silly placeDep node_modules/expo-share-intent glob@10.5.0 OK for: @expo/config-plugins@10.1.2 want: ^10.4.2
102 silly placeDep node_modules/expo-share-intent semver@7.8.5 OK for: @expo/config-plugins@10.1.2 want: ^7.5.4
103 silly fetch manifest @babel/code-frame@~7.10.4
104 silly packumentCache full:https://registry.npmjs.org/@babel%2fcode-frame cache-miss
105 silly fetch manifest jackspeak@^3.1.2
106 silly packumentCache full:https://registry.npmjs.org/jackspeak cache-miss
107 silly fetch manifest minimatch@^9.0.4
108 silly packumentCache full:https://registry.npmjs.org/minimatch cache-miss
109 http fetch GET 200 https://registry.npmjs.org/@babel%2fcode-frame 116ms (cache miss)
110 silly packumentCache full:https://registry.npmjs.org/@babel%2fcode-frame set size:undefined disposed:false
111 silly fetch manifest path-scurry@^1.11.1
112 silly packumentCache full:https://registry.npmjs.org/path-scurry cache-miss
113 http fetch GET 200 https://registry.npmjs.org/jackspeak 123ms (cache miss)
114 silly packumentCache full:https://registry.npmjs.org/jackspeak set size:undefined disposed:false
115 silly fetch manifest foreground-child@^3.1.0
116 silly packumentCache full:https://registry.npmjs.org/foreground-child cache-miss
117 http fetch GET 200 https://registry.npmjs.org/minimatch 149ms (cache miss)
118 silly packumentCache full:https://registry.npmjs.org/minimatch set size:undefined disposed:false
119 silly fetch manifest package-json-from-dist@^1.0.0
120 silly packumentCache full:https://registry.npmjs.org/package-json-from-dist cache-miss
121 http fetch GET 200 https://registry.npmjs.org/foreground-child 64ms (cache miss)
122 silly packumentCache full:https://registry.npmjs.org/foreground-child set size:undefined disposed:false
123 http fetch GET 200 https://registry.npmjs.org/path-scurry 80ms (cache miss)
124 silly packumentCache full:https://registry.npmjs.org/path-scurry set size:undefined disposed:false
125 http fetch GET 200 https://registry.npmjs.org/package-json-from-dist 68ms (cache miss)
126 silly packumentCache full:https://registry.npmjs.org/package-json-from-dist set size:undefined disposed:false
127 silly placeDep node_modules/expo-share-intent @babel/code-frame@7.10.4 OK for: @expo/json-file@9.1.5 want: ~7.10.4
128 silly placeDep ROOT foreground-child@3.3.1 OK for: glob@10.5.0 want: ^3.1.0
129 silly placeDep ROOT jackspeak@3.4.3 OK for: glob@10.5.0 want: ^3.1.2
130 silly placeDep node_modules/expo-share-intent minimatch@9.0.9 OK for: glob@10.5.0 want: ^9.0.4
131 silly placeDep ROOT package-json-from-dist@1.0.1 OK for: glob@10.5.0 want: ^1.0.0
132 silly placeDep node_modules/expo-share-intent path-scurry@1.11.1 OK for: glob@10.5.0 want: ^1.11.1
133 silly fetch manifest signal-exit@^4.0.1
134 silly packumentCache full:https://registry.npmjs.org/signal-exit cache-miss
135 silly fetch manifest @isaacs/cliui@^8.0.2
136 silly packumentCache full:https://registry.npmjs.org/@isaacs%2fcliui cache-miss
137 silly fetch manifest @pkgjs/parseargs@^0.11.0
138 silly packumentCache full:https://registry.npmjs.org/@pkgjs%2fparseargs cache-miss
139 http fetch GET 200 https://registry.npmjs.org/signal-exit 72ms (cache miss)
140 silly packumentCache full:https://registry.npmjs.org/signal-exit set size:undefined disposed:false
141 silly fetch manifest brace-expansion@^2.0.2
142 silly packumentCache full:https://registry.npmjs.org/brace-expansion cache-miss
143 http fetch GET 200 https://registry.npmjs.org/@isaacs%2fcliui 80ms (cache miss)
144 silly packumentCache full:https://registry.npmjs.org/@isaacs%2fcliui set size:undefined disposed:false
145 silly fetch manifest lru-cache@^10.2.0
146 silly packumentCache full:https://registry.npmjs.org/lru-cache cache-miss
147 http fetch GET 200 https://registry.npmjs.org/brace-expansion 72ms (cache miss)
148 silly packumentCache full:https://registry.npmjs.org/brace-expansion set size:undefined disposed:false
149 http fetch GET 200 https://registry.npmjs.org/lru-cache 82ms (cache miss)
150 silly packumentCache full:https://registry.npmjs.org/lru-cache set size:undefined disposed:false
151 http fetch GET 200 https://registry.npmjs.org/@pkgjs%2fparseargs 588ms (cache miss)
152 silly packumentCache full:https://registry.npmjs.org/@pkgjs%2fparseargs set size:undefined disposed:false
153 silly placeDep node_modules/foreground-child signal-exit@4.1.0 OK for: foreground-child@3.3.1 want: ^4.0.1
154 silly placeDep ROOT @isaacs/cliui@8.0.2 OK for: jackspeak@3.4.3 want: ^8.0.2
155 silly placeDep ROOT @pkgjs/parseargs@0.11.0 OK for: jackspeak@3.4.3 want: ^0.11.0
156 silly fetch manifest wrap-ansi@^8.1.0
157 silly packumentCache full:https://registry.npmjs.org/wrap-ansi cache-miss
158 silly fetch manifest strip-ansi@^7.0.1
159 silly packumentCache full:https://registry.npmjs.org/strip-ansi cache-miss
160 silly fetch manifest string-width@^5.1.2
161 silly packumentCache full:https://registry.npmjs.org/string-width cache-miss
162 http fetch GET 200 https://registry.npmjs.org/string-width 96ms (cache miss)
163 silly packumentCache full:https://registry.npmjs.org/string-width set size:undefined disposed:false
164 silly fetch manifest wrap-ansi-cjs@npm:wrap-ansi@^7.0.0
165 silly packumentCache full:https://registry.npmjs.org/wrap-ansi cache-miss
166 http fetch GET 200 https://registry.npmjs.org/wrap-ansi 110ms (cache miss)
167 silly packumentCache full:https://registry.npmjs.org/wrap-ansi set size:undefined disposed:false
168 silly fetch manifest strip-ansi-cjs@npm:strip-ansi@^6.0.1
169 silly packumentCache full:https://registry.npmjs.org/strip-ansi cache-miss
170 http fetch GET 200 https://registry.npmjs.org/strip-ansi 115ms (cache miss)
171 silly packumentCache full:https://registry.npmjs.org/strip-ansi set size:undefined disposed:false
172 silly fetch manifest string-width-cjs@npm:string-width@^4.2.0
173 silly packumentCache full:https://registry.npmjs.org/string-width cache-miss
174 http cache https://registry.npmjs.org/wrap-ansi 35ms (cache hit)
175 silly packumentCache full:https://registry.npmjs.org/wrap-ansi set size:55299 disposed:false
176 http cache https://registry.npmjs.org/string-width 24ms (cache hit)
177 silly packumentCache full:https://registry.npmjs.org/string-width set size:72458 disposed:false
178 http cache https://registry.npmjs.org/strip-ansi 44ms (cache hit)
179 silly packumentCache full:https://registry.npmjs.org/strip-ansi set size:44998 disposed:false
180 silly placeDep node_modules/@isaacs/cliui string-width@5.1.2 OK for: @isaacs/cliui@8.0.2 want: ^5.1.2
181 silly placeDep ROOT string-width-cjs@4.2.3 OK for: @isaacs/cliui@8.0.2 want: npm:string-width@^4.2.0
182 silly placeDep node_modules/@isaacs/cliui strip-ansi@7.2.0 OK for: @isaacs/cliui@8.0.2 want: ^7.0.1
183 silly placeDep ROOT strip-ansi-cjs@6.0.1 OK for: @isaacs/cliui@8.0.2 want: npm:strip-ansi@^6.0.1
184 silly placeDep node_modules/@isaacs/cliui wrap-ansi@8.1.0 OK for: @isaacs/cliui@8.0.2 want: ^8.1.0
185 silly placeDep ROOT wrap-ansi-cjs@7.0.0 OK for: @isaacs/cliui@8.0.2 want: npm:wrap-ansi@^7.0.0
186 silly fetch manifest emoji-regex@^9.2.2
187 silly packumentCache full:https://registry.npmjs.org/emoji-regex cache-miss
188 silly fetch manifest eastasianwidth@^0.2.0
189 silly packumentCache full:https://registry.npmjs.org/eastasianwidth cache-miss
190 silly fetch manifest ansi-regex@^6.2.2
191 silly packumentCache full:https://registry.npmjs.org/ansi-regex cache-miss
192 http fetch GET 200 https://registry.npmjs.org/emoji-regex 108ms (cache miss)
193 silly packumentCache full:https://registry.npmjs.org/emoji-regex set size:undefined disposed:false
194 silly fetch manifest ansi-styles@^6.1.0
195 silly packumentCache full:https://registry.npmjs.org/ansi-styles cache-miss
196 http fetch GET 200 https://registry.npmjs.org/eastasianwidth 117ms (cache miss)
197 silly packumentCache full:https://registry.npmjs.org/eastasianwidth set size:undefined disposed:false
198 http fetch GET 200 https://registry.npmjs.org/ansi-regex 122ms (cache miss)
199 silly packumentCache full:https://registry.npmjs.org/ansi-regex set size:undefined disposed:false
200 http fetch GET 200 https://registry.npmjs.org/ansi-styles 73ms (cache miss)
201 silly packumentCache full:https://registry.npmjs.org/ansi-styles set size:undefined disposed:false
202 silly placeDep ROOT eastasianwidth@0.2.0 OK for: string-width@5.1.2 want: ^0.2.0
203 silly placeDep node_modules/@isaacs/cliui emoji-regex@9.2.2 OK for: string-width@5.1.2 want: ^9.2.2
204 silly placeDep node_modules/@isaacs/cliui ansi-regex@6.2.2 OK for: strip-ansi@7.2.0 want: ^6.2.2
205 silly placeDep node_modules/@isaacs/cliui ansi-styles@6.2.3 OK for: wrap-ansi@8.1.0 want: ^6.1.0
206 silly placeDep node_modules/expo-share-intent brace-expansion@2.1.2 OK for: minimatch@9.0.9 want: ^2.0.2
207 silly placeDep node_modules/expo-share-intent lru-cache@10.4.3 OK for: path-scurry@1.11.1 want: ^10.2.0
208 silly reify moves {}
209 silly audit bulk request {
209 silly audit   '@0no-co/graphql.web': [ '1.3.2' ],
209 silly audit   '@babel/code-frame': [ '7.29.7', '7.10.4' ],
209 silly audit   '@babel/compat-data': [ '7.29.7' ],
209 silly audit   '@babel/core': [ '7.29.7' ],
209 silly audit   '@babel/generator': [ '7.29.7' ],
209 silly audit   '@babel/helper-annotate-as-pure': [ '7.29.7' ],
209 silly audit   '@babel/helper-compilation-targets': [ '7.29.7' ],
209 silly audit   '@babel/helper-create-class-features-plugin': [ '7.29.7' ],
209 silly audit   '@babel/helper-create-regexp-features-plugin': [ '7.29.7' ],
209 silly audit   '@babel/helper-define-polyfill-provider': [ '0.6.8' ],
209 silly audit   resolve: [ '1.22.12', '1.7.1', '2.0.0-next.7' ],
209 silly audit   '@babel/helper-globals': [ '7.29.7' ],
209 silly audit   '@babel/helper-member-expression-to-functions': [ '7.29.7' ],
209 silly audit   '@babel/helper-module-imports': [ '7.29.7' ],
209 silly audit   '@babel/helper-module-transforms': [ '7.29.7' ],
209 silly audit   '@babel/helper-optimise-call-expression': [ '7.29.7' ],
209 silly audit   '@babel/helper-plugin-utils': [ '7.29.7' ],
209 silly audit   '@babel/helper-remap-async-to-generator': [ '7.29.7' ],
209 silly audit   '@babel/helper-replace-supers': [ '7.29.7' ],
209 silly audit   '@babel/helper-skip-transparent-expression-wrappers': [ '7.29.7' ],
209 silly audit   '@babel/helper-string-parser': [ '7.29.7' ],
209 silly audit   '@babel/helper-validator-identifier': [ '7.29.7' ],
209 silly audit   '@babel/helper-validator-option': [ '7.29.7' ],
209 silly audit   '@babel/helper-wrap-function': [ '7.29.7' ],
209 silly audit   '@babel/helpers': [ '7.29.7' ],
209 silly audit   '@babel/highlight': [ '7.25.9' ],
209 silly audit   'ansi-styles': [ '3.2.1', '4.3.0', '5.2.0', '6.2.3' ],
209 silly audit   chalk: [ '2.4.2', '4.1.2' ],
209 silly audit   'color-convert': [ '1.9.3', '2.0.1' ],
209 silly audit   'color-name': [ '1.1.3', '1.1.4' ],
209 silly audit   'escape-string-regexp': [ '1.0.5', '4.0.0', '2.0.0' ],
209 silly audit   'has-flag': [ '3.0.0', '4.0.0' ],
209 silly audit   'supports-color': [ '5.5.0', '8.1.1', '7.2.0' ],
209 silly audit   '@babel/parser': [ '7.29.7' ],
209 silly audit   '@babel/plugin-proposal-decorators': [ '7.29.7' ],
209 silly audit   '@babel/plugin-proposal-export-default-from': [ '7.29.7' ],
209 silly audit   '@babel/plugin-syntax-async-generators': [ '7.8.4' ],
209 silly audit   '@babel/plugin-syntax-bigint': [ '7.8.3' ],
209 silly audit   '@babel/plugin-syntax-class-properties': [ '7.12.13' ],
209 silly audit   '@babel/plugin-syntax-class-static-block': [ '7.14.5' ],
209 silly audit   '@babel/plugin-syntax-decorators': [ '7.29.7' ],
209 silly audit   '@babel/plugin-syntax-dynamic-import': [ '7.8.3' ],
209 silly audit   '@babel/plugin-syntax-export-default-from': [ '7.29.7' ],
209 silly audit   '@babel/plugin-syntax-flow': [ '7.29.7' ],
209 silly audit   '@babel/plugin-syntax-import-attributes': [ '7.29.7' ],
209 silly audit   '@babel/plugin-syntax-import-meta': [ '7.10.4' ],
209 silly audit   '@babel/plugin-syntax-json-strings': [ '7.8.3' ],
209 silly audit   '@babel/plugin-syntax-jsx': [ '7.29.7' ],
209 silly audit   '@babel/plugin-syntax-logical-assignment-operators': [ '7.10.4' ],
209 silly audit   '@babel/plugin-syntax-nullish-coalescing-operator': [ '7.8.3' ],
209 silly audit   '@babel/plugin-syntax-numeric-separator': [ '7.10.4' ],
209 silly audit   '@babel/plugin-syntax-object-rest-spread': [ '7.8.3' ],
209 silly audit   '@babel/plugin-syntax-optional-catch-binding': [ '7.8.3' ],
209 silly audit   '@babel/plugin-syntax-optional-chaining': [ '7.8.3' ],
209 silly audit   '@babel/plugin-syntax-private-property-in-object': [ '7.14.5' ],
209 silly audit   '@babel/plugin-syntax-top-level-await': [ '7.14.5' ],
209 silly audit   '@babel/plugin-syntax-typescript': [ '7.29.7' ],
209 silly audit   '@babel/plugin-transform-arrow-functions': [ '7.29.7' ],
209 silly audit   '@babel/plugin-transform-async-generator-functions': [ '7.29.7' ],
209 silly audit   '@babel/plugin-transform-async-to-generator': [ '7.29.7' ],
209 silly audit   '@babel/plugin-transform-block-scoping': [ '7.29.7' ],
209 silly audit   '@babel/plugin-transform-class-properties': [ '7.29.7' ],
209 silly audit   '@babel/plugin-transform-class-static-block': [ '7.29.7' ],
209 silly audit   '@babel/plugin-transform-classes': [ '7.29.7' ],
209 silly audit   '@babel/plugin-transform-computed-properties': [ '7.29.7' ],
209 silly audit   '@babel/plugin-transform-destructuring': [ '7.29.7' ],
209 silly audit   '@babel/plugin-transform-export-namespace-from': [ '7.29.7' ],
209 silly audit   '@babel/plugin-transform-flow-strip-types': [ '7.29.7' ],
209 silly audit   '@babel/plugin-transform-for-of': [ '7.29.7' ],
209 silly audit   '@babel/plugin-transform-function-name': [ '7.29.7' ],
209 silly audit   '@babel/plugin-transform-literals': [ '7.29.7' ],
209 silly audit   '@babel/plugin-transform-logical-assignment-operators': [ '7.29.7' ],
209 silly audit   '@babel/plugin-transform-modules-commonjs': [ '7.29.7' ],
209 silly audit   '@babel/plugin-transform-named-capturing-groups-regex': [ '7.29.7' ],
209 silly audit   '@babel/plugin-transform-nullish-coalescing-operator': [ '7.29.7' ],
209 silly audit   '@babel/plugin-transform-numeric-separator': [ '7.29.7' ],
209 silly audit   '@babel/plugin-transform-object-rest-spread': [ '7.29.7' ],
209 silly audit   '@babel/plugin-transform-optional-catch-binding': [ '7.29.7' ],
209 silly audit   '@babel/plugin-transform-optional-chaining': [ '7.29.7' ],
209 silly audit   '@babel/plugin-transform-parameters': [ '7.29.7' ],
209 silly audit   '@babel/plugin-transform-private-methods': [ '7.29.7' ],
209 silly audit   '@babel/plugin-transform-private-property-in-object': [ '7.29.7' ],
209 silly audit   '@babel/plugin-transform-react-display-name': [ '7.29.7' ],
209 silly audit   '@babel/plugin-transform-react-jsx': [ '7.29.7' ],
209 silly audit   '@babel/plugin-transform-react-jsx-development': [ '7.29.7' ],
209 silly audit   '@babel/plugin-transform-react-jsx-self': [ '7.29.7' ],
209 silly audit   '@babel/plugin-transform-react-jsx-source': [ '7.29.7' ],
209 silly audit   '@babel/plugin-transform-react-pure-annotations': [ '7.29.7' ],
209 silly audit   '@babel/plugin-transform-regenerator': [ '7.29.7' ],
209 silly audit   '@babel/plugin-transform-runtime': [ '7.29.7' ],
209 silly audit   '@babel/plugin-transform-shorthand-properties': [ '7.29.7' ],
209 silly audit   '@babel/plugin-transform-spread': [ '7.29.7' ],
209 silly audit   '@babel/plugin-transform-sticky-regex': [ '7.29.7' ],
209 silly audit   '@babel/plugin-transform-template-literals': [ '7.29.7' ],
209 silly audit   '@babel/plugin-transform-typescript': [ '7.29.7' ],
209 silly audit   '@babel/plugin-transform-unicode-regex': [ '7.29.7' ],
209 silly audit   '@babel/preset-react': [ '7.29.7' ],
209 silly audit   '@babel/preset-typescript': [ '7.29.7' ],
209 silly audit   '@babel/runtime': [ '7.29.7' ],
209 silly audit   '@babel/template': [ '7.29.7' ],
209 silly audit   '@babel/traverse': [ '7.29.7' ],
209 silly audit   '@babel/types': [ '7.29.7' ],
209 silly audit   '@egjs/hammerjs': [ '2.0.17' ],
209 silly audit   '@emnapi/core': [ '1.10.0' ],
209 silly audit   '@emnapi/runtime': [ '1.10.0' ],
209 silly audit   '@emnapi/wasi-threads': [ '1.2.1' ],
209 silly audit   '@eslint-community/eslint-utils': [ '4.9.1' ],
209 silly audit   'eslint-visitor-keys': [ '3.4.3', '5.0.1', '4.2.1' ],
209 silly audit   '@eslint-community/regexpp': [ '4.12.2' ],
209 silly audit   '@eslint/config-array': [ '0.21.2' ],
209 silly audit   '@eslint/config-helpers': [ '0.4.2' ],
209 silly audit   '@eslint/core': [ '0.17.0' ],
209 silly audit   '@eslint/eslintrc': [ '3.3.6' ],
209 silly audit   '@eslint/js': [ '9.39.5' ],
209 silly audit   '@eslint/object-schema': [ '2.1.7' ],
209 silly audit   '@eslint/plugin-kit': [ '0.4.1' ],
209 silly audit   '@expo/code-signing-certificates': [ '0.0.6' ],
209 silly audit   '@expo/config': [ '12.0.14' ],
209 silly audit   '@expo/config-plugins': [ '54.0.5', '10.1.2' ],
209 silly audit   '@expo/json-file': [ '10.0.16', '10.2.0', '11.0.1', '9.1.5' ],
209 silly audit   semver: [ '7.8.5', '7.6.3', '7.7.2', '6.3.1' ],
209 silly audit   '@expo/config-types': [ '54.0.10', '53.0.5' ],
209 silly audit   '@expo/devcert': [ '1.2.1' ],
209 silly audit   debug: [ '3.2.7', '2.6.9', '4.4.3' ],
209 silly audit   '@expo/devtools': [ '0.1.8' ],
209 silly audit   '@expo/env': [ '2.0.12' ],
209 silly audit   '@expo/fingerprint': [ '0.15.5' ],
209 silly audit   'balanced-match': [ '4.0.4', '1.0.2' ],
209 silly audit   'brace-expansion': [ '5.0.7', '1.1.16', '2.1.2' ],
209 silly audit   minimatch: [ '10.2.5', '9.0.9', '3.1.5' ],
209 silly audit   '@expo/image-utils': [ '0.8.15' ],
209 silly audit   '@expo/metro': [ '54.2.0' ],
209 silly audit   '@expo/metro-runtime': [ '6.1.2' ],
209 silly audit   '@expo/osascript': [ '2.7.1' ],
209 silly audit   '@expo/package-manager': [ '1.13.1' ],
209 silly audit   '@expo/plist': [ '0.4.9', '0.3.5' ],
209 silly audit   '@expo/prebuild-config': [ '54.0.9' ],
209 silly audit   '@expo/require-utils': [ '55.0.6' ],
209 silly audit   '@expo/schema-utils': [ '0.1.9' ],
209 silly audit   '@expo/sdk-runtime-versions': [ '1.0.0' ],
209 silly audit   '@expo/spawn-async': [ '1.8.0' ],
209 silly audit   '@expo/sudo-prompt': [ '9.3.2' ],
209 silly audit   '@expo/vector-icons': [ '15.1.1' ],
209 silly audit   '@expo/ws-tunnel': [ '1.0.6' ],
209 silly audit   '@expo/xcpretty': [ '4.4.4' ],
209 silly audit   '@humanfs/core': [ '0.19.2' ],
209 silly audit   '@humanfs/node': [ '0.16.8' ],
209 silly audit   '@humanfs/types': [ '0.15.0' ],
209 silly audit   '@humanwhocodes/module-importer': [ '1.0.1' ],
209 silly audit   '@humanwhocodes/retry': [ '0.4.3' ],
209 silly audit   '@isaacs/fs-minipass': [ '4.0.1' ],
209 silly audit   '@isaacs/ttlcache': [ '1.4.1' ],
209 silly audit   '@istanbuljs/load-nyc-config': [ '1.1.0' ],
209 silly audit   argparse: [ '1.0.10', '2.0.1' ],
209 silly audit   camelcase: [ '5.3.1', '6.3.0' ],
209 silly audit   'find-up': [ '4.1.0', '5.0.0' ],
209 silly audit   'js-yaml': [ '3.15.0', '4.3.0' ],
209 silly audit   'locate-path': [ '5.0.0', '6.0.0' ],
209 silly audit   'p-limit': [ '2.3.0', '3.1.0' ],
209 silly audit   'p-locate': [ '4.1.0', '5.0.0' ],
209 silly audit   '@istanbuljs/schema': [ '0.1.6' ],
209 silly audit   '@jest/create-cache-key-function': [ '29.7.0' ],
209 silly audit   '@jest/environment': [ '29.7.0' ],
209 silly audit   '@jest/fake-timers': [ '29.7.0' ],
209 silly audit   '@jest/schemas': [ '29.6.3' ],
209 silly audit   '@jest/transform': [ '29.7.0' ],
209 silly audit   '@jest/types': [ '29.6.3' ],
209 silly audit   '@jridgewell/gen-mapping': [ '0.3.13' ],
209 silly audit   '@jridgewell/remapping': [ '2.3.5' ],
209 silly audit   '@jridgewell/resolve-uri': [ '3.1.2' ],
209 silly audit   '@jridgewell/source-map': [ '0.3.11' ],
209 silly audit   '@jridgewell/sourcemap-codec': [ '1.5.5' ],
209 silly audit   '@jridgewell/trace-mapping': [ '0.3.31' ],
209 silly audit   '@napi-rs/wasm-runtime': [ '1.1.6' ],
209 silly audit   '@nolyfill/is-core-module': [ '1.0.39' ],
209 silly audit   '@radix-ui/primitive': [ '1.1.5' ],
209 silly audit   '@radix-ui/react-compose-refs': [ '1.1.2', '1.1.3' ],
209 silly audit   '@radix-ui/react-context': [ '1.2.0' ],
209 silly audit   '@radix-ui/react-direction': [ '1.1.2' ],
209 silly audit   '@radix-ui/react-focus-guards': [ '1.1.4' ],
209 silly audit   '@radix-ui/react-id': [ '1.1.2' ],
209 silly audit   '@radix-ui/react-slot': [ '1.2.0', '1.3.0' ],
209 silly audit   '@radix-ui/react-use-callback-ref': [ '1.1.2' ],
209 silly audit   '@radix-ui/react-use-controllable-state': [ '1.2.3' ],
209 silly audit   '@radix-ui/react-use-effect-event': [ '0.0.3' ],
209 silly audit   '@radix-ui/react-use-is-hydrated': [ '0.1.1' ],
209 silly audit   '@radix-ui/react-use-layout-effect': [ '1.1.2' ],
209 silly audit   '@react-native-async-storage/async-storage': [ '2.2.0' ],
209 silly audit   '@react-native/assets-registry': [ '0.81.5' ],
209 silly audit   '@react-native/babel-plugin-codegen': [ '0.81.5' ],
209 silly audit   '@react-native/babel-preset': [ '0.81.5' ],
209 silly audit   '@react-native/codegen': [ '0.81.5' ],
209 silly audit   glob: [ '7.2.3', '13.0.6', '10.5.0' ],
209 silly audit   'hermes-estree': [ '0.29.1', '0.32.0' ],
209 silly audit   'hermes-parser': [ '0.29.1', '0.32.0' ],
209 silly audit   '@react-native/community-cli-plugin': [ '0.81.5' ],
209 silly audit   '@react-native/debugger-frontend': [ '0.81.5' ],
209 silly audit   '@react-native/dev-middleware': [ '0.81.5' ],
209 silly audit   ws: [ '6.2.6', '8.21.1', '7.5.13' ],
209 silly audit   '@react-native/gradle-plugin': [ '0.81.5' ],
209 silly audit   '@react-native/js-polyfills': [ '0.81.5' ],
209 silly audit   '@react-native/normalize-colors': [ '0.81.5', '0.74.89' ],
209 silly audit   '@react-navigation/bottom-tabs': [ '7.18.11' ],
209 silly audit   '@react-navigation/core': [ '7.21.8' ],
209 silly audit   '@react-navigation/elements': [ '2.9.33' ],
209 silly audit   '@react-navigation/native': [ '7.3.11' ],
209 silly audit   '@react-navigation/native-stack': [ '7.18.3' ],
209 silly audit   '@react-navigation/routers': [ '7.6.2' ],
209 silly audit   '@rtsao/scc': [ '1.1.0' ],
209 silly audit   '@sinclair/typebox': [ '0.27.12' ],
209 silly audit   '@sinonjs/commons': [ '3.0.1' ],
209 silly audit   '@sinonjs/fake-timers': [ '10.3.0' ],
209 silly audit   '@tybys/wasm-util': [ '0.10.3' ],
209 silly audit   '@types/babel__core': [ '7.20.5' ],
209 silly audit   '@types/babel__generator': [ '7.27.0' ],
209 silly audit   '@types/babel__template': [ '7.4.4' ],
209 silly audit   '@types/babel__traverse': [ '7.28.0' ],
209 silly audit   '@types/estree': [ '1.0.9' ],
209 silly audit   '@types/graceful-fs': [ '4.1.9' ],
209 silly audit   '@types/hammerjs': [ '2.0.46' ],
209 silly audit   '@types/istanbul-lib-coverage': [ '2.0.6' ],
209 silly audit   '@types/istanbul-lib-report': [ '3.0.3' ],
209 silly audit   '@types/istanbul-reports': [ '3.0.4' ],
209 silly audit   '@types/json-schema': [ '7.0.15' ],
209 silly audit   '@types/json5': [ '0.0.29' ],
209 silly audit   '@types/node': [ '26.1.1' ],
209 silly audit   '@types/react': [ '19.1.17' ],
209 silly audit   '@types/stack-utils': [ '2.0.3' ],
209 silly audit   '@types/yargs': [ '17.0.35' ],
209 silly audit   '@types/yargs-parser': [ '21.0.3' ],
209 silly audit   '@typescript-eslint/eslint-plugin': [ '8.64.0' ],
209 silly audit   ignore: [ '7.0.6', '5.3.2' ],
209 silly audit   '@typescript-eslint/parser': [ '8.64.0' ],
209 silly audit   '@typescript-eslint/project-service': [ '8.64.0' ],
209 silly audit   '@typescript-eslint/scope-manager': [ '8.64.0' ],
209 silly audit   '@typescript-eslint/tsconfig-utils': [ '8.64.0' ],
209 silly audit   '@typescript-eslint/type-utils': [ '8.64.0' ],
209 silly audit   '@typescript-eslint/types': [ '8.64.0' ],
209 silly audit   '@typescript-eslint/typescript-estree': [ '8.64.0' ],
209 silly audit   '@typescript-eslint/utils': [ '8.64.0' ],
209 silly audit   '@typescript-eslint/visitor-keys': [ '8.64.0' ],
209 silly audit   '@ungap/structured-clone': [ '1.3.3' ],
209 silly audit   '@unrs/resolver-binding-android-arm-eabi': [ '1.12.2' ],
209 silly audit   '@unrs/resolver-binding-android-arm64': [ '1.12.2' ],
209 silly audit   '@unrs/resolver-binding-darwin-arm64': [ '1.12.2' ],
209 silly audit   '@unrs/resolver-binding-darwin-x64': [ '1.12.2' ],
209 silly audit   '@unrs/resolver-binding-freebsd-x64': [ '1.12.2' ],
209 silly audit   '@unrs/resolver-binding-linux-arm-gnueabihf': [ '1.12.2' ],
209 silly audit   '@unrs/resolver-binding-linux-arm-musleabihf': [ '1.12.2' ],
209 silly audit   '@unrs/resolver-binding-linux-arm64-gnu': [ '1.12.2' ],
209 silly audit   '@unrs/resolver-binding-linux-arm64-musl': [ '1.12.2' ],
209 silly audit   '@unrs/resolver-binding-linux-loong64-gnu': [ '1.12.2' ],
209 silly audit   '@unrs/resolver-binding-linux-loong64-musl': [ '1.12.2' ],
209 silly audit   '@unrs/resolver-binding-linux-ppc64-gnu': [ '1.12.2' ],
209 silly audit   '@unrs/resolver-binding-linux-riscv64-gnu': [ '1.12.2' ],
209 silly audit   '@unrs/resolver-binding-linux-riscv64-musl': [ '1.12.2' ],
209 silly audit   '@unrs/resolver-binding-linux-s390x-gnu': [ '1.12.2' ],
209 silly audit   '@unrs/resolver-binding-linux-x64-gnu': [ '1.12.2' ],
209 silly audit   '@unrs/resolver-binding-linux-x64-musl': [ '1.12.2' ],
209 silly audit   '@unrs/resolver-binding-openharmony-arm64': [ '1.12.2' ],
209 silly audit   '@unrs/resolver-binding-wasm32-wasi': [ '1.12.2' ],
209 silly audit   '@unrs/resolver-binding-win32-arm64-msvc': [ '1.12.2' ],
209 silly audit   '@unrs/resolver-binding-win32-ia32-msvc': [ '1.12.2' ],
209 silly audit   '@unrs/resolver-binding-win32-x64-msvc': [ '1.12.2' ],
209 silly audit   '@urql/core': [ '5.2.0' ],
209 silly audit   '@urql/exchange-retry': [ '1.3.2' ],
209 silly audit   '@xmldom/xmldom': [ '0.8.13', '0.9.10' ],
209 silly audit   'abort-controller': [ '3.0.0' ],
209 silly audit   accepts: [ '1.3.8' ],
209 silly audit   acorn: [ '8.17.0' ],
209 silly audit   'acorn-jsx': [ '5.3.2' ],
209 silly audit   'agent-base': [ '7.1.4' ],
209 silly audit   ajv: [ '6.15.0' ],
209 silly audit   anser: [ '1.4.10' ],
209 silly audit   'ansi-escapes': [ '4.3.2' ],
209 silly audit   'type-fest': [ '0.21.3', '0.7.1' ],
209 silly audit   'ansi-regex': [ '5.0.1', '4.1.1', '6.2.2' ],
209 silly audit   'any-promise': [ '1.3.0' ],
209 silly audit   anymatch: [ '3.1.3' ],
209 silly audit   arg: [ '5.0.2' ],
209 silly audit   'aria-hidden': [ '1.2.6' ],
209 silly audit   'array-buffer-byte-length': [ '1.0.2' ],
209 silly audit   'array-includes': [ '3.1.9' ],
209 silly audit   'array.prototype.findlast': [ '1.2.5' ],
209 silly audit   'array.prototype.findlastindex': [ '1.2.6' ],
209 silly audit   'array.prototype.flat': [ '1.3.3' ],
209 silly audit   'array.prototype.flatmap': [ '1.3.3' ],
209 silly audit   'array.prototype.tosorted': [ '1.1.4' ],
209 silly audit   'arraybuffer.prototype.slice': [ '1.0.4' ],
209 silly audit   asap: [ '2.0.6' ],
209 silly audit   'async-function': [ '1.0.0' ],
209 silly audit   'async-limiter': [ '1.0.1' ],
209 silly audit   'available-typed-arrays': [ '1.0.7' ],
209 silly audit   'babel-jest': [ '29.7.0' ],
209 silly audit   'babel-plugin-istanbul': [ '6.1.1' ],
209 silly audit   'babel-plugin-jest-hoist': [ '29.6.3' ],
209 silly audit   'babel-plugin-polyfill-corejs2': [ '0.4.17' ],
209 silly audit   'babel-plugin-polyfill-corejs3': [ '0.13.0' ],
209 silly audit   'babel-plugin-polyfill-regenerator': [ '0.6.8' ],
209 silly audit   'babel-plugin-react-compiler': [ '1.0.0' ],
209 silly audit   'babel-plugin-react-native-web': [ '0.21.2' ],
209 silly audit   'babel-plugin-syntax-hermes-parser': [ '0.29.1' ],
209 silly audit   'babel-plugin-transform-flow-enums': [ '0.0.2' ],
209 silly audit   'babel-preset-current-node-syntax': [ '1.2.0' ],
209 silly audit   'babel-preset-jest': [ '29.6.3' ],
209 silly audit   'base64-js': [ '1.5.1' ],
209 silly audit   'baseline-browser-mapping': [ '2.10.43' ],
209 silly audit   'better-opn': [ '3.0.2' ],
209 silly audit   open: [ '8.4.2', '7.4.2' ],
209 silly audit   'big-integer': [ '1.6.52' ],
209 silly audit   'bplist-creator': [ '0.1.0' ],
209 silly audit   'bplist-parser': [ '0.3.1' ],
209 silly audit   braces: [ '3.0.3' ],
209 silly audit   browserslist: [ '4.28.6' ],
209 silly audit   bser: [ '2.1.1' ],
209 silly audit   buffer: [ '5.7.1' ],
209 silly audit   'buffer-from': [ '1.1.2' ],
209 silly audit   bytes: [ '3.1.2' ],
209 silly audit   'call-bind': [ '1.0.9' ],
209 silly audit   'call-bind-apply-helpers': [ '1.0.2' ],
209 silly audit   'call-bound': [ '1.0.4' ],
209 silly audit   callsites: [ '3.1.0' ],
209 silly audit   'caniuse-lite': [ '1.0.30001806' ],
209 silly audit   chownr: [ '3.0.0' ],
209 silly audit   'chrome-launcher': [ '0.15.2' ],
209 silly audit   'chromium-edge-launcher': [ '0.2.0' ],
209 silly audit   'ci-info': [ '2.0.0', '3.9.0' ],
209 silly audit   'cli-cursor': [ '2.1.0' ],
209 silly audit   'cli-spinners': [ '2.9.2' ],
209 silly audit   'client-only': [ '0.0.1' ],
209 silly audit   cliui: [ '8.0.1' ],
209 silly audit   clone: [ '1.0.4' ],
209 silly audit   color: [ '4.2.3' ],
209 silly audit   'color-string': [ '1.9.1' ],
209 silly audit   commander: [ '7.2.0', '12.1.0', '4.1.1', '2.20.3' ],
209 silly audit   compressible: [ '2.0.18' ],
209 silly audit   compression: [ '1.8.1' ],
209 silly audit   ms: [ '2.0.0', '2.1.3' ],
209 silly audit   negotiator: [ '0.6.4', '0.6.3' ],
209 silly audit   'concat-map': [ '0.0.1' ],
209 silly audit   connect: [ '3.7.0' ],
209 silly audit   'convert-source-map': [ '2.0.0' ],
209 silly audit   'core-js-compat': [ '3.49.0' ],
209 silly audit   'cross-fetch': [ '3.2.0' ],
209 silly audit   'cross-spawn': [ '7.0.6' ],
209 silly audit   'css-in-js-utils': [ '3.1.0' ],
209 silly audit   csstype: [ '3.2.3' ],
209 silly audit   'data-view-buffer': [ '1.0.2' ],
209 silly audit   'data-view-byte-length': [ '1.0.2' ],
209 silly audit   'data-view-byte-offset': [ '1.0.1' ],
209 silly audit   'decode-uri-component': [ '0.2.2' ],
209 silly audit   'deep-extend': [ '0.6.0' ],
209 silly audit   'deep-is': [ '0.1.4' ],
209 silly audit   deepmerge: [ '4.3.1' ],
209 silly audit   defaults: [ '1.0.4' ],
209 silly audit   'define-data-property': [ '1.1.4' ],
209 silly audit   'define-lazy-prop': [ '2.0.0' ],
209 silly audit   'define-properties': [ '1.2.1' ],
209 silly audit   depd: [ '2.0.0' ],
209 silly audit   destroy: [ '1.2.0' ],
209 silly audit   'detect-libc': [ '2.1.2' ],
209 silly audit   'detect-node-es': [ '1.1.0' ],
209 silly audit   doctrine: [ '2.1.0' ],
209 silly audit   dotenv: [ '16.4.7' ],
209 silly audit   'dotenv-expand': [ '11.0.7' ],
209 silly audit   'dunder-proto': [ '1.0.1' ],
209 silly audit   'ee-first': [ '1.1.1' ],
209 silly audit   'electron-to-chromium': [ '1.5.393' ],
209 silly audit   'emoji-regex': [ '8.0.0', '9.2.2' ],
209 silly audit   encodeurl: [ '1.0.2', '2.0.0' ],
209 silly audit   'env-editor': [ '0.4.2' ],
209 silly audit   'error-stack-parser': [ '2.1.4' ],
209 silly audit   'es-abstract': [ '1.24.2' ],
209 silly audit   'es-abstract-get': [ '1.0.0' ],
209 silly audit   'es-define-property': [ '1.0.1' ],
209 silly audit   'es-errors': [ '1.3.0' ],
209 silly audit   'es-iterator-helpers': [ '1.4.0' ],
209 silly audit   'es-object-atoms': [ '1.1.2' ],
209 silly audit   'es-set-tostringtag': [ '2.1.0' ],
209 silly audit   'es-shim-unscopables': [ '1.1.0' ],
209 silly audit   'es-to-primitive': [ '1.3.4' ],
209 silly audit   escalade: [ '3.2.0' ],
209 silly audit   'escape-html': [ '1.0.3' ],
209 silly audit   eslint: [ '9.39.5' ],
209 silly audit   'eslint-config-expo': [ '10.0.0' ],
209 silly audit   globals: [ '16.5.0', '14.0.0' ],
209 silly audit   'eslint-import-resolver-node': [ '0.3.10' ],
209 silly audit   'eslint-import-resolver-typescript': [ '3.10.1' ],
209 silly audit   'eslint-module-utils': [ '2.14.0' ],
209 silly audit   'eslint-plugin-expo': [ '1.1.0' ],
209 silly audit   'eslint-plugin-import': [ '2.32.0' ],
209 silly audit   'eslint-plugin-react': [ '7.37.5' ],
209 silly audit   'eslint-plugin-react-hooks': [ '5.2.0' ],
209 silly audit   'eslint-scope': [ '8.4.0' ],
209 silly audit   espree: [ '10.4.0' ],
209 silly audit   esprima: [ '4.0.1' ],
209 silly audit   esquery: [ '1.7.0' ],
209 silly audit   esrecurse: [ '4.3.0' ],
209 silly audit   estraverse: [ '5.3.0' ],
209 silly audit   esutils: [ '2.0.3' ],
209 silly audit   etag: [ '1.8.1' ],
209 silly audit   'event-target-shim': [ '5.0.1' ],
209 silly audit   expo: [ '54.0.36' ],
209 silly audit   'expo-camera': [ '17.0.10' ],
209 silly audit   'expo-constants': [ '18.0.13' ],
209 silly audit   'expo-font': [ '14.0.12' ],
209 silly audit   'expo-haptics': [ '15.0.8' ],
209 silly audit   'expo-image': [ '3.0.11' ],
209 silly audit   'expo-linking': [ '8.0.12' ],
209 silly audit   'expo-modules-autolinking': [ '3.0.26' ],
209 silly audit   'expo-modules-core': [ '3.0.30' ],
209 silly audit   'expo-router': [ '6.0.24' ],
209 silly audit   '@radix-ui/react-collection': [ '1.1.12' ],
209 silly audit   '@radix-ui/react-presence': [ '1.1.7' ],
209 silly audit   '@radix-ui/react-primitive': [ '2.1.7' ],
209 silly audit   '@radix-ui/react-roving-focus': [ '1.1.15' ],
209 silly audit   '@radix-ui/react-tabs': [ '1.1.17' ],
209 silly audit   'expo-server': [ '1.0.7' ],
209 silly audit   'expo-speech-recognition': [ '3.1.3' ],
209 silly audit   'expo-splash-screen': [ '31.0.13' ],
209 silly audit   'expo-status-bar': [ '3.0.9' ],
209 silly audit   'expo-symbols': [ '1.0.8' ],
209 silly audit   'expo-system-ui': [ '6.0.9' ],
209 silly audit   'expo-web-browser': [ '15.0.11' ],
209 silly audit   '@expo/cli': [ '54.0.26' ],
209 silly audit   '@expo/metro-config': [ '54.0.17' ],
209 silly audit   'babel-preset-expo': [ '54.0.12' ],
209 silly audit   'expo-asset': [ '12.0.13' ],
209 silly audit   'expo-file-system': [ '19.0.23' ],
209 silly audit   'expo-keep-awake': [ '15.0.8' ],
209 silly audit   picomatch: [ '4.0.5', '2.3.2' ],
209 silly audit   'exponential-backoff': [ '3.1.3' ],
209 silly audit   'fast-deep-equal': [ '3.1.3' ],
209 silly audit   'fast-json-stable-stringify': [ '2.1.0' ],
209 silly audit   'fast-levenshtein': [ '2.0.6' ],
209 silly audit   'fb-watchman': [ '2.0.2' ],
209 silly audit   fbjs: [ '3.0.5' ],
209 silly audit   'fbjs-css-vars': [ '1.0.2' ],
209 silly audit   promise: [ '7.3.1', '8.3.0' ],
209 silly audit   'file-entry-cache': [ '8.0.0' ],
209 silly audit   'fill-range': [ '7.1.1' ],
209 silly audit   'filter-obj': [ '1.1.0' ],
209 silly audit   finalhandler: [ '1.1.2' ],
209 silly audit   'flat-cache': [ '4.0.1' ],
209 silly audit   flatted: [ '3.4.2' ],
209 silly audit   'flow-enums-runtime': [ '0.0.6' ],
209 silly audit   fontfaceobserver: [ '2.3.0' ],
209 silly audit   'for-each': [ '0.3.5' ],
209 silly audit   'freeport-async': [ '2.0.0' ],
209 silly audit   fresh: [ '0.5.2' ],
209 silly audit   'fs.realpath': [ '1.0.0' ],
209 silly audit   fsevents: [ '2.3.3' ],
209 silly audit   'function-bind': [ '1.1.2' ],
209 silly audit   'function.prototype.name': [ '1.2.0' ],
209 silly audit   'functions-have-names': [ '1.2.3' ],
209 silly audit   'generator-function': [ '2.0.1' ],
209 silly audit   gensync: [ '1.0.0-beta.2' ],
209 silly audit   'get-caller-file': [ '2.0.5' ],
209 silly audit   'get-intrinsic': [ '1.3.0' ],
209 silly audit   'get-nonce': [ '1.0.1' ],
209 silly audit   'get-package-type': [ '0.1.0' ],
209 silly audit   'get-proto': [ '1.0.1' ],
209 silly audit   'get-symbol-description': [ '1.1.0' ],
209 silly audit   'get-tsconfig': [ '4.14.0' ],
209 silly audit   getenv: [ '2.0.0' ],
209 silly audit   'glob-parent': [ '6.0.2' ],
209 silly audit   globalthis: [ '1.0.4' ],
209 silly audit   gopd: [ '1.2.0' ],
209 silly audit   'graceful-fs': [ '4.2.11' ],
209 silly audit   'has-bigints': [ '1.1.0' ],
209 silly audit   'has-property-descriptors': [ '1.0.2' ],
209 silly audit   'has-proto': [ '1.2.0' ],
209 silly audit   'has-symbols': [ '1.1.0' ],
209 silly audit   'has-tostringtag': [ '1.0.2' ],
209 silly audit   hasown: [ '2.0.4' ],
209 silly audit   'hoist-non-react-statics': [ '3.3.2' ],
209 silly audit   'react-is': [ '16.13.1', '18.3.1', '19.2.7' ],
209 silly audit   'hosted-git-info': [ '7.0.2' ],
209 silly audit   'lru-cache': [ '10.4.3', '5.1.1', '11.5.2' ],
209 silly audit   'http-errors': [ '2.0.1' ],
209 silly audit   statuses: [ '2.0.2', '1.5.0' ],
209 silly audit   'https-proxy-agent': [ '7.0.6' ],
209 silly audit   'hyphenate-style-name': [ '1.1.0' ],
209 silly audit   ieee754: [ '1.2.1' ],
209 silly audit   'image-size': [ '1.2.1' ],
209 silly audit   'import-fresh': [ '3.3.1' ],
209 silly audit   'resolve-from': [ '4.0.0', '5.0.0' ],
209 silly audit   imurmurhash: [ '0.1.4' ],
209 silly audit   inflight: [ '1.0.6' ],
209 silly audit   inherits: [ '2.0.4' ],
209 silly audit   ini: [ '1.3.8' ],
209 silly audit   'inline-style-prefixer': [ '7.0.1' ],
209 silly audit   'internal-slot': [ '1.1.0' ],
209 silly audit   invariant: [ '2.2.4' ],
209 silly audit   'is-array-buffer': [ '3.0.5' ],
209 silly audit   'is-arrayish': [ '0.3.4' ],
209 silly audit   'is-async-function': [ '2.1.1' ],
209 silly audit   'is-bigint': [ '1.1.0' ],
209 silly audit   'is-boolean-object': [ '1.2.2' ],
209 silly audit   'is-bun-module': [ '2.0.0' ],
209 silly audit   'is-callable': [ '1.2.7' ],
209 silly audit   'is-core-module': [ '2.16.2' ],
209 silly audit   'is-data-view': [ '1.0.2' ],
209 silly audit   'is-date-object': [ '1.1.0' ],
209 silly audit   'is-docker': [ '2.2.1' ],
209 silly audit   'is-document.all': [ '1.0.0' ],
209 silly audit   'is-extglob': [ '2.1.1' ],
209 silly audit   'is-finalizationregistry': [ '1.1.1' ],
209 silly audit   'is-fullwidth-code-point': [ '3.0.0' ],
209 silly audit   'is-generator-function': [ '1.1.2' ],
209 silly audit   'is-glob': [ '4.0.3' ],
209 silly audit   'is-map': [ '2.0.3' ],
209 silly audit   'is-negative-zero': [ '2.0.3' ],
209 silly audit   'is-number': [ '7.0.0' ],
209 silly audit   'is-number-object': [ '1.1.1' ],
209 silly audit   'is-plain-obj': [ '2.1.0' ],
209 silly audit   'is-regex': [ '1.2.1' ],
209 silly audit   'is-set': [ '2.0.3' ],
209 silly audit   'is-shared-array-buffer': [ '1.0.4' ],
209 silly audit   'is-string': [ '1.1.1' ],
209 silly audit   'is-symbol': [ '1.1.1' ],
209 silly audit   'is-typed-array': [ '1.1.15' ],
209 silly audit   'is-weakmap': [ '2.0.2' ],
209 silly audit   'is-weakref': [ '1.1.1' ],
209 silly audit   'is-weakset': [ '2.0.4' ],
209 silly audit   'is-wsl': [ '2.2.0' ],
209 silly audit   isarray: [ '2.0.5' ],
209 silly audit   isexe: [ '2.0.0' ],
209 silly audit   'istanbul-lib-coverage': [ '3.2.2' ],
209 silly audit   'istanbul-lib-instrument': [ '5.2.1' ],
209 silly audit   'iterator.prototype': [ '1.1.5' ],
209 silly audit   'jest-environment-node': [ '29.7.0' ],
209 silly audit   'jest-get-type': [ '29.6.3' ],
209 silly audit   'jest-haste-map': [ '29.7.0' ],
209 silly audit   'jest-message-util': [ '29.7.0' ],
209 silly audit   'jest-mock': [ '29.7.0' ],
209 silly audit   'jest-regex-util': [ '29.6.3' ],
209 silly audit   'jest-util': [ '29.7.0' ],
209 silly audit   'jest-validate': [ '29.7.0' ],
209 silly audit   'jest-worker': [ '29.7.0' ],
209 silly audit   'jimp-compact': [ '0.16.1' ],
209 silly audit   'js-tokens': [ '4.0.0' ],
209 silly audit   'jsc-safe-url': [ '0.2.4' ],
209 silly audit   jsesc: [ '3.1.0' ],
209 silly audit   'json-buffer': [ '3.0.1' ],
209 silly audit   'json-schema-traverse': [ '0.4.1' ],
209 silly audit   'json-stable-stringify-without-jsonify': [ '1.0.1' ],
209 silly audit   json5: [ '2.2.3', '1.0.2' ],
209 silly audit   'jsx-ast-utils': [ '3.3.5' ],
209 silly audit   keyv: [ '4.5.4' ],
209 silly audit   kleur: [ '3.0.3' ],
209 silly audit   'lan-network': [ '0.2.1' ],
209 silly audit   leven: [ '3.1.0' ],
209 silly audit   levn: [ '0.4.1' ],
209 silly audit   'lighthouse-logger': [ '1.4.2' ],
209 silly audit   lightningcss: [ '1.32.0' ],
209 silly audit   'lightningcss-android-arm64': [ '1.32.0' ],
209 silly audit   'lightningcss-darwin-arm64': [ '1.32.0' ],
209 silly audit   'lightningcss-darwin-x64': [ '1.32.0' ],
209 silly audit   'lightningcss-freebsd-x64': [ '1.32.0' ],
209 silly audit   'lightningcss-linux-arm-gnueabihf': [ '1.32.0' ],
209 silly audit   'lightningcss-linux-arm64-gnu': [ '1.32.0' ],
209 silly audit   'lightningcss-linux-arm64-musl': [ '1.32.0' ],
209 silly audit   'lightningcss-linux-x64-gnu': [ '1.32.0' ],
209 silly audit   'lightningcss-linux-x64-musl': [ '1.32.0' ],
209 silly audit   'lightningcss-win32-arm64-msvc': [ '1.32.0' ],
209 silly audit   'lightningcss-win32-x64-msvc': [ '1.32.0' ],
209 silly audit   'lines-and-columns': [ '1.2.4' ],
209 silly audit   'lodash.debounce': [ '4.0.8' ],
209 silly audit   'lodash.merge': [ '4.6.2' ],
209 silly audit   'lodash.throttle': [ '4.1.1' ],
209 silly audit   'log-symbols': [ '2.2.0' ],
209 silly audit   'loose-envify': [ '1.4.0' ],
209 silly audit   makeerror: [ '1.0.12' ],
209 silly audit   marky: [ '1.3.0' ],
209 silly audit   'math-intrinsics': [ '1.1.0' ],
209 silly audit   'memoize-one': [ '5.2.1', '6.0.0' ],
209 silly audit   'merge-options': [ '3.0.4' ],
209 silly audit   'merge-stream': [ '2.0.0' ],
209 silly audit   metro: [ '0.83.3' ],
209 silly audit   'metro-babel-transformer': [ '0.83.3' ],
209 silly audit   'metro-cache': [ '0.83.3' ],
209 silly audit   'metro-cache-key': [ '0.83.3' ],
209 silly audit   'metro-config': [ '0.83.3' ],
209 silly audit   'metro-core': [ '0.83.3' ],
209 silly audit   'metro-file-map': [ '0.83.3' ],
209 silly audit   'metro-minify-terser': [ '0.83.3' ],
209 silly audit   'metro-resolver': [ '0.83.3' ],
209 silly audit   'metro-runtime': [ '0.83.3' ],
209 silly audit   'metro-source-map': [ '0.83.3' ],
209 silly audit   'metro-symbolicate': [ '0.83.3' ],
209 silly audit   'metro-transform-plugins': [ '0.83.3' ],
209 silly audit   'metro-transform-worker': [ '0.83.3' ],
209 silly audit   micromatch: [ '4.0.8' ],
209 silly audit   mime: [ '1.6.0' ],
209 silly audit   'mime-db': [ '1.52.0' ],
209 silly audit   'mime-types': [ '2.1.35' ],
209 silly audit   'mimic-fn': [ '1.2.0' ],
209 silly audit   minimist: [ '1.2.8' ],
209 silly audit   minipass: [ '7.1.3' ],
209 silly audit   minizlib: [ '3.1.0' ],
209 silly audit   mkdirp: [ '1.0.4' ],
209 silly audit   mz: [ '2.7.0' ],
209 silly audit   nanoid: [ '3.3.16' ],
209 silly audit   'napi-postinstall': [ '0.3.4' ],
209 silly audit   'natural-compare': [ '1.4.0' ],
209 silly audit   'nested-error-stacks': [ '2.0.1' ],
209 silly audit   'node-exports-info': [ '1.6.2' ],
209 silly audit   'node-fetch': [ '2.7.0' ],
209 silly audit   'node-forge': [ '1.4.0' ],
209 silly audit   'node-int64': [ '0.4.0' ],
209 silly audit   'node-releases': [ '2.0.51' ],
209 silly audit   'normalize-path': [ '3.0.0' ],
209 silly audit   'npm-package-arg': [ '11.0.3' ],
209 silly audit   nullthrows: [ '1.1.1' ],
209 silly audit   ob1: [ '0.83.3' ],
209 silly audit   'object-assign': [ '4.1.1' ],
209 silly audit   'object-inspect': [ '1.13.4' ],
209 silly audit   'object-keys': [ '1.1.1' ],
209 silly audit   'object.assign': [ '4.1.7' ],
209 silly audit   'object.entries': [ '1.1.9' ],
209 silly audit   'object.fromentries': [ '2.0.8' ],
209 silly audit   'object.groupby': [ '1.0.3' ],
209 silly audit   'object.values': [ '1.2.1' ],
209 silly audit   'on-finished': [ '2.3.0', '2.4.1' ],
209 silly audit   'on-headers': [ '1.1.0' ],
209 silly audit   once: [ '1.4.0' ],
209 silly audit   onetime: [ '2.0.1' ],
209 silly audit   optionator: [ '0.9.4' ],
209 silly audit   ora: [ '3.4.0' ],
209 silly audit   'strip-ansi': [ '5.2.0', '6.0.1', '7.2.0' ],
209 silly audit   'own-keys': [ '1.0.1' ],
209 silly audit   'p-try': [ '2.2.0' ],
209 silly audit   'parent-module': [ '1.0.1' ],
209 silly audit   'parse-png': [ '2.1.0' ],
209 silly audit   parseurl: [ '1.3.3' ],
209 silly audit   'path-exists': [ '4.0.0' ],
209 silly audit   'path-is-absolute': [ '1.0.1' ],
209 silly audit   'path-key': [ '3.1.1' ],
209 silly audit   'path-parse': [ '1.0.7' ],
209 silly audit   'path-scurry': [ '2.0.2', '1.11.1' ],
209 silly audit   picocolors: [ '1.1.1' ],
209 silly audit   pirates: [ '4.0.7' ],
209 silly audit   plist: [ '3.1.1' ],
209 silly audit   pngjs: [ '3.4.0' ],
209 silly audit   'possible-typed-array-names': [ '1.1.0' ],
209 silly audit   postcss: [ '8.4.49' ],
209 silly audit   'postcss-value-parser': [ '4.2.0' ],
209 silly audit   'prelude-ls': [ '1.2.1' ],
209 silly audit   'pretty-bytes': [ '5.6.0' ],
209 silly audit   'pretty-format': [ '29.7.0' ],
209 silly audit   'proc-log': [ '4.2.0' ],
209 silly audit   progress: [ '2.0.3' ],
209 silly audit   prompts: [ '2.4.2' ],
209 silly audit   'prop-types': [ '15.8.1' ],
209 silly audit   punycode: [ '2.3.1' ],
209 silly audit   'qrcode-terminal': [ '0.11.0' ],
209 silly audit   'query-string': [ '7.1.3' ],
209 silly audit   queue: [ '6.0.2' ],
209 silly audit   'range-parser': [ '1.2.1' ],
209 silly audit   rc: [ '1.2.8' ],
209 silly audit   'strip-json-comments': [ '2.0.1', '3.1.1' ],
209 silly audit   react: [ '19.1.0' ],
209 silly audit   'react-devtools-core': [ '6.1.5' ],
209 silly audit   'react-dom': [ '19.1.0' ],
209 silly audit   'react-fast-compare': [ '3.2.2' ],
209 silly audit   'react-freeze': [ '1.0.4' ],
209 silly audit   'react-native': [ '0.81.5' ],
209 silly audit   'react-native-gesture-handler': [ '2.28.0' ],
209 silly audit   'react-native-is-edge-to-edge': [ '1.3.1' ],
209 silly audit   'react-native-reanimated': [ '4.1.7' ],
209 silly audit   'react-native-safe-area-context': [ '5.6.2' ],
209 silly audit   'react-native-screens': [ '4.16.0' ],
209 silly audit   'react-native-web': [ '0.21.2' ],
209 silly audit   'react-native-worklets': [ '0.5.1' ],
209 silly audit   '@react-native/virtualized-lists': [ '0.81.5' ],
209 silly audit   'react-refresh': [ '0.14.2' ],
209 silly audit   'react-remove-scroll': [ '2.7.2' ],
209 silly audit   'react-remove-scroll-bar': [ '2.3.8' ],
209 silly audit   'react-style-singleton': [ '2.2.3' ],
209 silly audit   'reflect.getprototypeof': [ '1.0.10' ],
209 silly audit   regenerate: [ '1.4.2' ],
209 silly audit   'regenerate-unicode-properties': [ '10.2.2' ],
209 silly audit   'regenerator-runtime': [ '0.13.11' ],
209 silly audit   'regexp.prototype.flags': [ '1.5.4' ],
209 silly audit   'regexpu-core': [ '6.4.0' ],
209 silly audit   regjsgen: [ '0.8.0' ],
209 silly audit   regjsparser: [ '0.13.2' ],
209 silly audit   'require-directory': [ '2.1.1' ],
209 silly audit   'require-from-string': [ '2.0.2' ],
209 silly audit   requireg: [ '0.2.2' ],
209 silly audit   'resolve-pkg-maps': [ '1.0.0' ],
209 silly audit   'resolve-workspace-root': [ '2.0.1' ],
209 silly audit   'resolve.exports': [ '2.0.3' ],
209 silly audit   'restore-cursor': [ '2.0.0' ],
209 silly audit   rimraf: [ '3.0.2' ],
209 silly audit   'safe-array-concat': [ '1.1.4' ],
209 silly audit   'safe-buffer': [ '5.2.1' ],
209 silly audit   'safe-push-apply': [ '1.0.0' ],
209 silly audit   'safe-regex-test': [ '1.1.0' ],
209 silly audit   sax: [ '1.6.0' ],
209 silly audit   scheduler: [ '0.26.0' ],
209 silly audit   send: [ '0.19.2' ],
209 silly audit   'serialize-error': [ '2.1.0' ],
209 silly audit   'serve-static': [ '1.16.3' ],
209 silly audit   'server-only': [ '0.0.1' ],
209 silly audit   'set-function-length': [ '1.2.2' ],
209 silly audit   'set-function-name': [ '2.0.2' ],
209 silly audit   'set-proto': [ '1.0.0' ],
209 silly audit   setimmediate: [ '1.0.5' ],
209 silly audit   setprototypeof: [ '1.2.0' ],
209 silly audit   'sf-symbols-typescript': [ '2.2.0' ],
209 silly audit   shallowequal: [ '1.1.0' ],
209 silly audit   'shebang-command': [ '2.0.0' ],
209 silly audit   'shebang-regex': [ '3.0.0' ],
209 silly audit   'shell-quote': [ '1.10.0' ],
209 silly audit   'side-channel': [ '1.1.1' ],
209 silly audit   'side-channel-list': [ '1.0.1' ],
209 silly audit   'side-channel-map': [ '1.0.1' ],
209 silly audit   'side-channel-weakmap': [ '1.0.2' ],
209 silly audit   'signal-exit': [ '3.0.7', '4.1.0' ],
209 silly audit   'simple-plist': [ '1.3.1' ],
209 silly audit   'simple-swizzle': [ '0.2.4' ],
209 silly audit   sisteransi: [ '1.0.5' ],
209 silly audit   slash: [ '3.0.0' ],
209 silly audit   slugify: [ '1.6.9' ],
209 silly audit   'source-map': [ '0.5.7', '0.6.1' ],
209 silly audit   'source-map-js': [ '1.2.1' ],
209 silly audit   'source-map-support': [ '0.5.21' ],
209 silly audit   'split-on-first': [ '1.1.0' ],
209 silly audit   'sprintf-js': [ '1.0.3' ],
209 silly audit   'stable-hash': [ '0.0.5' ],
209 silly audit   'stack-utils': [ '2.0.6' ],
209 silly audit   stackframe: [ '1.3.4' ],
209 silly audit   'stacktrace-parser': [ '0.1.11' ],
209 silly audit   'standard-navigation': [ '0.0.8' ],
209 silly audit   'stop-iteration-iterator': [ '1.1.0' ],
209 silly audit   'stream-buffers': [ '2.2.0' ],
209 silly audit   'strict-uri-encode': [ '2.0.0' ],
209 silly audit   'string-width': [ '4.2.3', '5.1.2' ],
209 silly audit   'string.prototype.matchall': [ '4.0.12' ],
209 silly audit   'string.prototype.repeat': [ '1.0.0' ],
209 silly audit   'string.prototype.trim': [ '1.2.11' ],
209 silly audit   'string.prototype.trimend': [ '1.0.10' ],
209 silly audit   'string.prototype.trimstart': [ '1.0.8' ],
209 silly audit   'strip-bom': [ '3.0.0' ],
209 silly audit   'structured-headers': [ '0.4.1' ],
209 silly audit   styleq: [ '0.1.3' ],
209 silly audit   sucrase: [ '3.35.1' ],
209 silly audit   'supports-hyperlinks': [ '2.3.0' ],
209 silly audit   'supports-preserve-symlinks-flag': [ '1.0.0' ],
209 silly audit   tar: [ '7.5.20' ],
209 silly audit   yallist: [ '5.0.0', '3.1.1' ],
209 silly audit   'terminal-link': [ '2.1.1' ],
209 silly audit   terser: [ '5.49.0' ],
209 silly audit   'test-exclude': [ '6.0.0' ],
209 silly audit   thenify: [ '3.3.1' ],
209 silly audit   'thenify-all': [ '1.6.0' ],
209 silly audit   throat: [ '5.0.0' ],
209 silly audit   tinyglobby: [ '0.2.17' ],
209 silly audit   fdir: [ '6.5.0' ],
209 silly audit   tmpl: [ '1.0.5' ],
209 silly audit   'to-regex-range': [ '5.0.1' ],
209 silly audit   toidentifier: [ '1.0.1' ],
209 silly audit   tr46: [ '0.0.3' ],
209 silly audit   'ts-api-utils': [ '2.5.0' ],
209 silly audit   'ts-interface-checker': [ '0.1.13' ],
209 silly audit   'tsconfig-paths': [ '3.15.0' ],
209 silly audit   tslib: [ '2.8.1' ],
209 silly audit   'type-check': [ '0.4.0' ],
209 silly audit   'type-detect': [ '4.0.8' ],
209 silly audit   'typed-array-buffer': [ '1.0.3' ],
209 silly audit   'typed-array-byte-length': [ '1.0.3' ],
209 silly audit   'typed-array-byte-offset': [ '1.0.4' ],
209 silly audit   'typed-array-length': [ '1.0.8' ],
209 silly audit   typescript: [ '5.9.3' ],
209 silly audit   'ua-parser-js': [ '1.0.41' ],
209 silly audit   'unbox-primitive': [ '1.1.0' ],
209 silly audit   undici: [ '6.27.0' ],
209 silly audit   'undici-types': [ '8.3.0' ],
209 silly audit   'unicode-canonical-property-names-ecmascript': [ '2.0.1' ],
209 silly audit   'unicode-match-property-ecmascript': [ '2.0.0' ],
209 silly audit   'unicode-match-property-value-ecmascript': [ '2.2.1' ],
209 silly audit   'unicode-property-aliases-ecmascript': [ '2.2.0' ],
209 silly audit   unpipe: [ '1.0.0' ],
209 silly audit   'unrs-resolver': [ '1.12.2' ],
209 silly audit   'update-browserslist-db': [ '1.2.3' ],
209 silly audit   'uri-js': [ '4.4.1' ],
209 silly audit   'use-callback-ref': [ '1.3.3' ],
209 silly audit   'use-latest-callback': [ '0.2.6' ],
209 silly audit   'use-sidecar': [ '1.1.3' ],
209 silly audit   'use-sync-external-store': [ '1.6.0' ],
209 silly audit   'utils-merge': [ '1.0.1' ],
209 silly audit   uuid: [ '7.0.3' ],
209 silly audit   'validate-npm-package-name': [ '5.0.1' ],
209 silly audit   vary: [ '1.1.2' ],
209 silly audit   vaul: [ '1.1.2' ],
209 silly audit   '@radix-ui/react-dialog': [ '1.1.19' ],
209 silly audit   '@radix-ui/react-dismissable-layer': [ '1.1.15' ],
209 silly audit   '@radix-ui/react-focus-scope': [ '1.1.12' ],
209 silly audit   '@radix-ui/react-portal': [ '1.1.13' ],
209 silly audit   vlq: [ '1.0.1' ],
209 silly audit   walker: [ '1.0.8' ],
209 silly audit   'warn-once': [ '0.1.1' ],
209 silly audit   wcwidth: [ '1.0.1' ],
209 silly audit   'webidl-conversions': [ '3.0.1', '5.0.0' ],
209 silly audit   'whatwg-fetch': [ '3.6.20' ],
209 silly audit   'whatwg-url': [ '5.0.0' ],
209 silly audit   'whatwg-url-without-unicode': [ '8.0.0-3' ],
209 silly audit   which: [ '2.0.2' ],
209 silly audit   'which-boxed-primitive': [ '1.1.1' ],
209 silly audit   'which-builtin-type': [ '1.2.1' ],
209 silly audit   'which-collection': [ '1.0.2' ],
209 silly audit   'which-typed-array': [ '1.1.22' ],
209 silly audit   wonka: [ '6.3.6' ],
209 silly audit   'word-wrap': [ '1.2.5' ],
209 silly audit   'wrap-ansi': [ '7.0.0', '8.1.0' ],
209 silly audit   wrappy: [ '1.0.2' ],
209 silly audit   'write-file-atomic': [ '4.0.2' ],
209 silly audit   xcode: [ '3.0.1' ],
209 silly audit   xml2js: [ '0.6.0' ],
209 silly audit   xmlbuilder: [ '11.0.1', '15.1.1' ],
209 silly audit   y18n: [ '5.0.8' ],
209 silly audit   yaml: [ '2.9.0' ],
209 silly audit   yargs: [ '17.7.3' ],
209 silly audit   'yargs-parser': [ '21.1.1' ],
209 silly audit   'yocto-queue': [ '0.1.0' ],
209 silly audit   '@zhanziyang/expo-text-extractor': [ '1.0.2' ],
209 silly audit   'expo-share-intent': [ '5.1.1' ],
209 silly audit   'foreground-child': [ '3.3.1' ],
209 silly audit   jackspeak: [ '3.4.3' ],
209 silly audit   'package-json-from-dist': [ '1.0.1' ],
209 silly audit   '@isaacs/cliui': [ '8.0.2' ],
209 silly audit   '@pkgjs/parseargs': [ '0.11.0' ],
209 silly audit   eastasianwidth: [ '0.2.0' ]
209 silly audit }
210 http cache wrap-ansi-cjs@https://registry.npmjs.org/wrap-ansi/-/wrap-ansi-7.0.0.tgz 0ms (cache hit)
211 http cache eastasianwidth@https://registry.npmjs.org/eastasianwidth/-/eastasianwidth-0.2.0.tgz 0ms (cache hit)
212 http cache strip-ansi-cjs@https://registry.npmjs.org/strip-ansi/-/strip-ansi-6.0.1.tgz 0ms (cache hit)
213 http cache string-width-cjs@https://registry.npmjs.org/string-width/-/string-width-4.2.3.tgz 0ms (cache hit)
214 http cache @pkgjs/parseargs@https://registry.npmjs.org/@pkgjs/parseargs/-/parseargs-0.11.0.tgz 0ms (cache hit)
215 http cache @isaacs/cliui@https://registry.npmjs.org/@isaacs/cliui/-/cliui-8.0.2.tgz 0ms (cache hit)
216 http cache package-json-from-dist@https://registry.npmjs.org/package-json-from-dist/-/package-json-from-dist-1.0.1.tgz 0ms (cache hit)
217 http cache jackspeak@https://registry.npmjs.org/jackspeak/-/jackspeak-3.4.3.tgz 0ms (cache hit)
218 http cache foreground-child@https://registry.npmjs.org/foreground-child/-/foreground-child-3.3.1.tgz 0ms (cache hit)
219 http cache expo-share-intent@https://registry.npmjs.org/expo-share-intent/-/expo-share-intent-5.1.1.tgz 0ms (cache hit)
220 http cache @zhanziyang/expo-text-extractor@https://registry.npmjs.org/@zhanziyang/expo-text-extractor/-/expo-text-extractor-1.0.2.tgz 0ms (cache hit)
221 http cache ansi-regex@https://registry.npmjs.org/ansi-regex/-/ansi-regex-6.2.2.tgz 0ms (cache hit)
222 http cache ansi-styles@https://registry.npmjs.org/ansi-styles/-/ansi-styles-6.2.3.tgz 0ms (cache hit)
223 http cache emoji-regex@https://registry.npmjs.org/emoji-regex/-/emoji-regex-9.2.2.tgz 0ms (cache hit)
224 http cache wrap-ansi@https://registry.npmjs.org/wrap-ansi/-/wrap-ansi-8.1.0.tgz 0ms (cache hit)
225 http cache signal-exit@https://registry.npmjs.org/signal-exit/-/signal-exit-4.1.0.tgz 0ms (cache hit)
226 http cache strip-ansi@https://registry.npmjs.org/strip-ansi/-/strip-ansi-7.2.0.tgz 0ms (cache hit)
227 http cache string-width@https://registry.npmjs.org/string-width/-/string-width-5.1.2.tgz 0ms (cache hit)
228 http cache brace-expansion@https://registry.npmjs.org/brace-expansion/-/brace-expansion-2.1.2.tgz 0ms (cache hit)
229 http cache path-scurry@https://registry.npmjs.org/path-scurry/-/path-scurry-1.11.1.tgz 0ms (cache hit)
230 http cache lru-cache@https://registry.npmjs.org/lru-cache/-/lru-cache-10.4.3.tgz 0ms (cache hit)
231 http cache minimatch@https://registry.npmjs.org/minimatch/-/minimatch-9.0.9.tgz 0ms (cache hit)
232 http cache @babel/code-frame@https://registry.npmjs.org/@babel/code-frame/-/code-frame-7.10.4.tgz 0ms (cache hit)
233 http cache semver@https://registry.npmjs.org/semver/-/semver-7.8.5.tgz 0ms (cache hit)
234 http cache glob@https://registry.npmjs.org/glob/-/glob-10.5.0.tgz 0ms (cache hit)
235 http cache @expo/plist@https://registry.npmjs.org/@expo/plist/-/plist-0.3.5.tgz 1ms (cache hit)
236 http cache @expo/json-file@https://registry.npmjs.org/@expo/json-file/-/json-file-9.1.5.tgz 0ms (cache hit)
237 silly tarball no local data for wrap-ansi-cjs@https://registry.npmjs.org/wrap-ansi/-/wrap-ansi-7.0.0.tgz. Extracting by manifest.
238 silly tarball no local data for eastasianwidth@https://registry.npmjs.org/eastasianwidth/-/eastasianwidth-0.2.0.tgz. Extracting by manifest.
239 silly tarball no local data for strip-ansi-cjs@https://registry.npmjs.org/strip-ansi/-/strip-ansi-6.0.1.tgz. Extracting by manifest.
240 silly tarball no local data for string-width-cjs@https://registry.npmjs.org/string-width/-/string-width-4.2.3.tgz. Extracting by manifest.
241 http cache @expo/config-types@https://registry.npmjs.org/@expo/config-types/-/config-types-53.0.5.tgz 1ms (cache hit)
242 http cache @expo/config-plugins@https://registry.npmjs.org/@expo/config-plugins/-/config-plugins-10.1.2.tgz 0ms (cache hit)
243 silly tarball no local data for @pkgjs/parseargs@https://registry.npmjs.org/@pkgjs/parseargs/-/parseargs-0.11.0.tgz. Extracting by manifest.
244 silly tarball no local data for @isaacs/cliui@https://registry.npmjs.org/@isaacs/cliui/-/cliui-8.0.2.tgz. Extracting by manifest.
245 silly tarball no local data for package-json-from-dist@https://registry.npmjs.org/package-json-from-dist/-/package-json-from-dist-1.0.1.tgz. Extracting by manifest.
246 silly tarball no local data for jackspeak@https://registry.npmjs.org/jackspeak/-/jackspeak-3.4.3.tgz. Extracting by manifest.
247 silly tarball no local data for foreground-child@https://registry.npmjs.org/foreground-child/-/foreground-child-3.3.1.tgz. Extracting by manifest.
248 silly tarball no local data for expo-share-intent@https://registry.npmjs.org/expo-share-intent/-/expo-share-intent-5.1.1.tgz. Extracting by manifest.
249 silly tarball no local data for @zhanziyang/expo-text-extractor@https://registry.npmjs.org/@zhanziyang/expo-text-extractor/-/expo-text-extractor-1.0.2.tgz. Extracting by manifest.
250 silly tarball no local data for ansi-regex@https://registry.npmjs.org/ansi-regex/-/ansi-regex-6.2.2.tgz. Extracting by manifest.
251 silly tarball no local data for ansi-styles@https://registry.npmjs.org/ansi-styles/-/ansi-styles-6.2.3.tgz. Extracting by manifest.
252 silly tarball no local data for emoji-regex@https://registry.npmjs.org/emoji-regex/-/emoji-regex-9.2.2.tgz. Extracting by manifest.
253 silly tarball no local data for wrap-ansi@https://registry.npmjs.org/wrap-ansi/-/wrap-ansi-8.1.0.tgz. Extracting by manifest.
254 silly tarball no local data for signal-exit@https://registry.npmjs.org/signal-exit/-/signal-exit-4.1.0.tgz. Extracting by manifest.
255 silly tarball no local data for strip-ansi@https://registry.npmjs.org/strip-ansi/-/strip-ansi-7.2.0.tgz. Extracting by manifest.
256 silly tarball no local data for string-width@https://registry.npmjs.org/string-width/-/string-width-5.1.2.tgz. Extracting by manifest.
257 silly tarball no local data for brace-expansion@https://registry.npmjs.org/brace-expansion/-/brace-expansion-2.1.2.tgz. Extracting by manifest.
258 silly tarball no local data for path-scurry@https://registry.npmjs.org/path-scurry/-/path-scurry-1.11.1.tgz. Extracting by manifest.
259 silly tarball no local data for lru-cache@https://registry.npmjs.org/lru-cache/-/lru-cache-10.4.3.tgz. Extracting by manifest.
260 silly tarball no local data for minimatch@https://registry.npmjs.org/minimatch/-/minimatch-9.0.9.tgz. Extracting by manifest.
261 silly tarball no local data for @babel/code-frame@https://registry.npmjs.org/@babel/code-frame/-/code-frame-7.10.4.tgz. Extracting by manifest.
262 silly tarball no local data for semver@https://registry.npmjs.org/semver/-/semver-7.8.5.tgz. Extracting by manifest.
263 silly tarball no local data for glob@https://registry.npmjs.org/glob/-/glob-10.5.0.tgz. Extracting by manifest.
264 silly tarball no local data for @expo/plist@https://registry.npmjs.org/@expo/plist/-/plist-0.3.5.tgz. Extracting by manifest.
265 silly tarball no local data for @expo/json-file@https://registry.npmjs.org/@expo/json-file/-/json-file-9.1.5.tgz. Extracting by manifest.
266 silly tarball no local data for @expo/config-types@https://registry.npmjs.org/@expo/config-types/-/config-types-53.0.5.tgz. Extracting by manifest.
267 silly tarball no local data for @expo/config-plugins@https://registry.npmjs.org/@expo/config-plugins/-/config-plugins-10.1.2.tgz. Extracting by manifest.
268 http fetch POST 200 https://registry.npmjs.org/-/npm/v1/security/advisories/bulk 285ms
269 silly audit report {
269 silly audit report   postcss: [
269 silly audit report     {
269 silly audit report       id: 1117015,
269 silly audit report       url: 'https://github.com/advisories/GHSA-qx2v-qp2m-jg93',
269 silly audit report       title: 'PostCSS has XSS via Unescaped </style> in its CSS Stringify Output',
269 silly audit report       severity: 'moderate',
269 silly audit report       vulnerable_versions: '<8.5.10',
269 silly audit report       cwe: [Array],
269 silly audit report       cvss: [Object]
269 silly audit report     },
269 silly audit report     {
269 silly audit report       id: 1124252,
269 silly audit report       url: 'https://github.com/advisories/GHSA-6g55-p6wh-862q',
269 silly audit report       title: 'PostCSS: Arbitrary file read and information disclosure via attacker-controlled sourceMappingURL in CSS comments',
269 silly audit report       severity: 'high',
269 silly audit report       vulnerable_versions: '<=8.5.11',
269 silly audit report       cwe: [Array],
269 silly audit report       cvss: [Object]
269 silly audit report     }
269 silly audit report   ],
269 silly audit report   uuid: [
269 silly audit report     {
269 silly audit report       id: 1119441,
269 silly audit report       url: 'https://github.com/advisories/GHSA-w5hq-g745-h8pq',
269 silly audit report       title: 'uuid: Missing buffer bounds check in v3/v5/v6 when buf is provided',
269 silly audit report       severity: 'moderate',
269 silly audit report       vulnerable_versions: '<11.1.1',
269 silly audit report       cwe: [Array],
269 silly audit report       cvss: [Object]
269 silly audit report     }
269 silly audit report   ]
269 silly audit report }
270 silly packumentCache corgi:https://registry.npmjs.org/postcss cache-miss
271 silly packumentCache corgi:https://registry.npmjs.org/uuid cache-miss
272 http fetch GET 200 https://registry.npmjs.org/wrap-ansi/-/wrap-ansi-7.0.0.tgz 348ms (cache miss)
273 http fetch GET 200 https://registry.npmjs.org/eastasianwidth/-/eastasianwidth-0.2.0.tgz 375ms (cache miss)
274 http fetch GET 200 https://registry.npmjs.org/wrap-ansi/-/wrap-ansi-8.1.0.tgz 387ms (cache miss)
275 http fetch GET 200 https://registry.npmjs.org/strip-ansi/-/strip-ansi-7.2.0.tgz 402ms (cache miss)
276 http fetch GET 200 https://registry.npmjs.org/string-width/-/string-width-5.1.2.tgz 408ms (cache miss)
277 http fetch GET 200 https://registry.npmjs.org/signal-exit/-/signal-exit-4.1.0.tgz 410ms (cache miss)
278 http fetch GET 200 https://registry.npmjs.org/string-width/-/string-width-4.2.3.tgz 445ms (cache miss)
279 http fetch GET 200 https://registry.npmjs.org/strip-ansi/-/strip-ansi-6.0.1.tgz 451ms (cache miss)
280 http fetch GET 200 https://registry.npmjs.org/ansi-styles/-/ansi-styles-6.2.3.tgz 443ms (cache miss)
281 http fetch GET 200 https://registry.npmjs.org/ansi-regex/-/ansi-regex-6.2.2.tgz 450ms (cache miss)
282 http fetch GET 200 https://registry.npmjs.org/uuid 284ms (cache miss)
283 silly packumentCache corgi:https://registry.npmjs.org/uuid set size:undefined disposed:false
284 http fetch GET 200 https://registry.npmjs.org/@babel/code-frame/-/code-frame-7.10.4.tgz 504ms (cache miss)
285 http fetch GET 200 https://registry.npmjs.org/@isaacs/cliui/-/cliui-8.0.2.tgz 599ms (cache miss)
286 http fetch GET 200 https://registry.npmjs.org/postcss 420ms (cache miss)
287 silly packumentCache corgi:https://registry.npmjs.org/postcss set size:undefined disposed:false
288 http fetch GET 200 https://registry.npmjs.org/emoji-regex/-/emoji-regex-9.2.2.tgz 732ms (cache miss)
289 silly packumentCache corgi:https://registry.npmjs.org/@expo%2fmetro-config cache-miss
290 http fetch GET 200 https://registry.npmjs.org/@expo/config-types/-/config-types-53.0.5.tgz 776ms (cache miss)
291 http fetch GET 200 https://registry.npmjs.org/package-json-from-dist/-/package-json-from-dist-1.0.1.tgz 901ms (cache miss)
292 http fetch GET 200 https://registry.npmjs.org/@expo/plist/-/plist-0.3.5.tgz 898ms (cache miss)
293 http fetch GET 200 https://registry.npmjs.org/@pkgjs/parseargs/-/parseargs-0.11.0.tgz 943ms (cache miss)
294 http fetch GET 200 https://registry.npmjs.org/@expo/json-file/-/json-file-9.1.5.tgz 924ms (cache miss)
295 http fetch GET 200 https://registry.npmjs.org/path-scurry/-/path-scurry-1.11.1.tgz 1108ms (cache miss)
296 http fetch GET 200 https://registry.npmjs.org/brace-expansion/-/brace-expansion-2.1.2.tgz 1227ms (cache miss)
297 http fetch GET 200 https://registry.npmjs.org/jackspeak/-/jackspeak-3.4.3.tgz 1532ms (cache miss)
298 http fetch GET 200 https://registry.npmjs.org/@zhanziyang/expo-text-extractor/-/expo-text-extractor-1.0.2.tgz 1584ms (cache miss)
299 http fetch GET 200 https://registry.npmjs.org/foreground-child/-/foreground-child-3.3.1.tgz 1650ms (cache miss)
300 http fetch GET 200 https://registry.npmjs.org/@expo%2fmetro-config 882ms (cache miss)
301 silly packumentCache corgi:https://registry.npmjs.org/@expo%2fmetro-config set size:undefined disposed:false
302 http fetch GET 200 https://registry.npmjs.org/lru-cache/-/lru-cache-10.4.3.tgz 1698ms (cache miss)
303 silly packumentCache corgi:https://registry.npmjs.org/xcode cache-miss
304 http fetch GET 200 https://registry.npmjs.org/semver/-/semver-7.8.5.tgz 1785ms (cache miss)
305 http fetch GET 200 https://registry.npmjs.org/minimatch/-/minimatch-9.0.9.tgz 1908ms (cache miss)
306 http fetch GET 200 https://registry.npmjs.org/xcode 228ms (cache miss)
307 silly packumentCache corgi:https://registry.npmjs.org/xcode set size:undefined disposed:false
308 silly packumentCache corgi:https://registry.npmjs.org/expo cache-miss
309 silly packumentCache corgi:https://registry.npmjs.org/@expo%2fcli cache-miss
310 http fetch GET 200 https://registry.npmjs.org/expo-share-intent/-/expo-share-intent-5.1.1.tgz 2127ms (cache miss)
311 http fetch GET 200 https://registry.npmjs.org/glob/-/glob-10.5.0.tgz 2116ms (cache miss)
312 warn deprecated glob@10.5.0: Old versions of glob are not supported, and contain widely publicized security vulnerabilities, which have been fixed in the current version. Please update. Support for old versions may be purchased (at exorbitant rates) by contacting i@izs.me
313 http fetch GET 200 https://registry.npmjs.org/expo 372ms (cache miss)
314 silly packumentCache corgi:https://registry.npmjs.org/expo set size:undefined disposed:false
315 http fetch GET 200 https://registry.npmjs.org/@expo%2fcli 1308ms (cache miss)
316 silly packumentCache corgi:https://registry.npmjs.org/@expo%2fcli set size:undefined disposed:false
317 silly packumentCache corgi:https://registry.npmjs.org/@expo%2fconfig-plugins cache-miss
318 http fetch GET 200 https://registry.npmjs.org/@expo/config-plugins/-/config-plugins-10.1.2.tgz 3658ms (cache miss)
319 http fetch GET 200 https://registry.npmjs.org/@expo%2fconfig-plugins 1365ms (cache miss)
320 silly packumentCache corgi:https://registry.npmjs.org/@expo%2fconfig-plugins set size:undefined disposed:false
321 silly packumentCache corgi:https://registry.npmjs.org/@expo%2fmetro-runtime cache-miss
322 silly packumentCache corgi:https://registry.npmjs.org/@expo%2fprebuild-config cache-miss
323 silly packumentCache corgi:https://registry.npmjs.org/expo-camera cache-miss
324 silly packumentCache corgi:https://registry.npmjs.org/expo-constants cache-miss
325 silly packumentCache corgi:https://registry.npmjs.org/expo-font cache-miss
326 silly packumentCache corgi:https://registry.npmjs.org/expo-haptics cache-miss
327 silly packumentCache corgi:https://registry.npmjs.org/expo-image cache-miss
328 silly packumentCache corgi:https://registry.npmjs.org/expo-router cache-miss
329 silly packumentCache corgi:https://registry.npmjs.org/expo-speech-recognition cache-miss
330 silly packumentCache corgi:https://registry.npmjs.org/expo-splash-screen cache-miss
331 silly packumentCache corgi:https://registry.npmjs.org/expo-symbols cache-miss
332 silly packumentCache corgi:https://registry.npmjs.org/expo-system-ui cache-miss
333 silly packumentCache corgi:https://registry.npmjs.org/expo-web-browser cache-miss
334 silly packumentCache corgi:https://registry.npmjs.org/babel-preset-expo cache-miss
335 silly packumentCache corgi:https://registry.npmjs.org/expo-asset cache-miss
336 silly packumentCache corgi:https://registry.npmjs.org/expo-file-system cache-miss
337 silly packumentCache corgi:https://registry.npmjs.org/expo-keep-awake cache-miss
338 silly packumentCache corgi:https://registry.npmjs.org/@zhanziyang%2fexpo-text-extractor cache-miss
339 silly packumentCache corgi:https://registry.npmjs.org/expo-share-intent cache-miss
340 http fetch GET 200 https://registry.npmjs.org/expo-router 435ms (cache miss)
341 silly packumentCache corgi:https://registry.npmjs.org/expo-router set size:undefined disposed:false
342 http fetch GET 200 https://registry.npmjs.org/expo-speech-recognition 686ms (cache miss)
343 silly packumentCache corgi:https://registry.npmjs.org/expo-speech-recognition set size:undefined disposed:false
344 http fetch GET 200 https://registry.npmjs.org/expo-web-browser 732ms (cache miss)
345 silly packumentCache corgi:https://registry.npmjs.org/expo-web-browser set size:undefined disposed:false
346 http fetch GET 200 https://registry.npmjs.org/expo-system-ui 917ms (cache miss)
347 silly packumentCache corgi:https://registry.npmjs.org/expo-system-ui set size:undefined disposed:false
348 http fetch GET 200 https://registry.npmjs.org/expo-haptics 1061ms (cache miss)
349 silly packumentCache corgi:https://registry.npmjs.org/expo-haptics set size:undefined disposed:false
350 http fetch GET 200 https://registry.npmjs.org/expo-keep-awake 1171ms (cache miss)
351 silly packumentCache corgi:https://registry.npmjs.org/expo-keep-awake set size:undefined disposed:false
352 http fetch GET 200 https://registry.npmjs.org/expo-asset 1222ms (cache miss)
353 silly packumentCache corgi:https://registry.npmjs.org/expo-asset set size:undefined disposed:false
354 http fetch GET 200 https://registry.npmjs.org/expo-file-system 1382ms (cache miss)
355 silly packumentCache corgi:https://registry.npmjs.org/expo-file-system set size:undefined disposed:false
356 http fetch GET 200 https://registry.npmjs.org/expo-symbols 1546ms (cache miss)
357 silly packumentCache corgi:https://registry.npmjs.org/expo-symbols set size:undefined disposed:false
358 http fetch GET 200 https://registry.npmjs.org/@zhanziyang%2fexpo-text-extractor 1588ms (cache miss)
359 silly packumentCache corgi:https://registry.npmjs.org/@zhanziyang%2fexpo-text-extractor set size:undefined disposed:false
360 http fetch GET 200 https://registry.npmjs.org/expo-share-intent 1606ms (cache miss)
361 silly packumentCache corgi:https://registry.npmjs.org/expo-share-intent set size:undefined disposed:false
362 http fetch GET 200 https://registry.npmjs.org/expo-image 1667ms (cache miss)
363 silly packumentCache corgi:https://registry.npmjs.org/expo-image set size:undefined disposed:false
364 http fetch GET 200 https://registry.npmjs.org/expo-camera 1729ms (cache miss)
365 silly packumentCache corgi:https://registry.npmjs.org/expo-camera set size:undefined disposed:false
366 http fetch GET 200 https://registry.npmjs.org/babel-preset-expo 1770ms (cache miss)
367 silly packumentCache corgi:https://registry.npmjs.org/babel-preset-expo set size:undefined disposed:false
368 http fetch GET 200 https://registry.npmjs.org/expo-splash-screen 1803ms (cache miss)
369 silly packumentCache corgi:https://registry.npmjs.org/expo-splash-screen set size:undefined disposed:false
370 http fetch GET 200 https://registry.npmjs.org/@expo%2fmetro-runtime 1897ms (cache miss)
371 silly packumentCache corgi:https://registry.npmjs.org/@expo%2fmetro-runtime set size:undefined disposed:false
372 http fetch GET 200 https://registry.npmjs.org/expo-font 1908ms (cache miss)
373 silly packumentCache corgi:https://registry.npmjs.org/expo-font set size:undefined disposed:false
374 http fetch GET 200 https://registry.npmjs.org/expo-constants 1955ms (cache miss)
375 silly packumentCache corgi:https://registry.npmjs.org/expo-constants set size:undefined disposed:false
376 http fetch GET 200 https://registry.npmjs.org/@expo%2fprebuild-config 2006ms (cache miss)
377 silly packumentCache corgi:https://registry.npmjs.org/@expo%2fprebuild-config set size:undefined disposed:false
378 silly packumentCache corgi:https://registry.npmjs.org/@expo%2fconfig cache-miss
379 http fetch GET 200 https://registry.npmjs.org/@expo%2fconfig 645ms (cache miss)
380 silly packumentCache corgi:https://registry.npmjs.org/@expo%2fconfig set size:undefined disposed:false
381 silly packumentCache corgi:https://registry.npmjs.org/expo-linking cache-miss
382 http fetch GET 200 https://registry.npmjs.org/expo-linking 617ms (cache miss)
383 silly packumentCache corgi:https://registry.npmjs.org/expo-linking set size:undefined disposed:false
384 silly ADD node_modules/eastasianwidth
385 silly ADD node_modules/wrap-ansi-cjs
386 silly ADD node_modules/strip-ansi-cjs
387 silly ADD node_modules/string-width-cjs
388 silly ADD node_modules/@pkgjs/parseargs
389 silly ADD node_modules/@isaacs/cliui
390 silly ADD node_modules/@isaacs/cliui/node_modules/ansi-styles
391 silly ADD node_modules/@isaacs/cliui/node_modules/ansi-regex
392 silly ADD node_modules/@isaacs/cliui/node_modules/emoji-regex
393 silly ADD node_modules/@isaacs/cliui/node_modules/wrap-ansi
394 silly ADD node_modules/@isaacs/cliui/node_modules/strip-ansi
395 silly ADD node_modules/@isaacs/cliui/node_modules/string-width
396 silly ADD node_modules/package-json-from-dist
397 silly ADD node_modules/jackspeak
398 silly ADD node_modules/foreground-child
399 silly ADD node_modules/foreground-child/node_modules/signal-exit
400 silly ADD node_modules/expo-share-intent
401 silly ADD node_modules/expo-share-intent/node_modules/lru-cache
402 silly ADD node_modules/expo-share-intent/node_modules/brace-expansion
403 silly ADD node_modules/expo-share-intent/node_modules/path-scurry
404 silly ADD node_modules/expo-share-intent/node_modules/minimatch
405 silly ADD node_modules/expo-share-intent/node_modules/@babel/code-frame
406 silly ADD node_modules/expo-share-intent/node_modules/semver
407 silly ADD node_modules/expo-share-intent/node_modules/glob
408 silly ADD node_modules/expo-share-intent/node_modules/@expo/plist
409 silly ADD node_modules/expo-share-intent/node_modules/@expo/json-file
410 silly ADD node_modules/expo-share-intent/node_modules/@expo/config-types
411 silly ADD node_modules/expo-share-intent/node_modules/@expo/config-plugins
412 silly ADD node_modules/@zhanziyang/expo-text-extractor
413 warn allow-scripts 1 package has install scripts not yet covered by allowScripts:
413 warn allow-scripts   unrs-resolver@1.12.2 (install: (install scripts present))
413 warn allow-scripts
413 warn allow-scripts Run `npm approve-scripts --allow-scripts-pending` to review, or `npm approve-scripts <pkg>` to allow.
414 verbose cwd C:\SWE2
415 verbose os Windows_NT 10.0.22631
416 verbose node v26.3.0
417 verbose npm  v11.16.0
418 verbose exit 0
419 info ok
