0 verbose cli C:\Program Files\nodejs\node.exe C:\Program Files\nodejs\node_modules\npm\bin\npm-cli.js
1 info using npm@11.16.0
2 info using node@v26.3.0
3 silly config load:file:C:\Program Files\nodejs\node_modules\npm\npmrc
4 silly config load:file:C:\SWE2\.npmrc
5 silly config load:file:C:\Users\tilew\.npmrc
6 silly config load:file:C:\Users\tilew\AppData\Roaming\npm\etc\npmrc
7 verbose title npm install expo-speech@~14.0.8
8 verbose argv "install" "expo-speech@~14.0.8" "--cache" "C:\\SWE2\\.npm-cache"
9 verbose logfile logs-max:10 dir:C:\SWE2\.npm-cache\_logs\2026-07-24T09_56_32_776Z-
10 verbose logfile C:\SWE2\.npm-cache\_logs\2026-07-24T09_56_32_776Z-debug-0.log
11 silly logfile done cleaning log files
12 silly packumentCache heap:2248146944 maxSize:562036736 maxEntrySize:281018368
13 silly idealTree buildDeps
14 silly fetch manifest expo-speech@~14.0.8
15 silly packumentCache full:https://registry.npmjs.org/expo-speech cache-miss
16 http cache https://registry.npmjs.org/expo-speech 455ms (cache hit)
17 silly packumentCache full:https://registry.npmjs.org/expo-speech set size:742900 disposed:false
18 silly fetch manifest expo@~54.0.35
19 silly packumentCache full:https://registry.npmjs.org/expo cache-miss
20 http cache https://registry.npmjs.org/expo 34ms (cache hit)
21 silly packumentCache full:https://registry.npmjs.org/expo set size:3969729 disposed:false
22 silly fetch manifest @expo/dom-webview@*
23 silly packumentCache full:https://registry.npmjs.org/@expo%2fdom-webview cache-miss
24 http cache https://registry.npmjs.org/@expo%2fdom-webview 17ms (cache hit)
25 silly packumentCache full:https://registry.npmjs.org/@expo%2fdom-webview set size:444475 disposed:false
26 silly fetch manifest react@19.1.0
27 silly packumentCache full:https://registry.npmjs.org/react cache-miss
28 http cache https://registry.npmjs.org/react 36ms (cache hit)
29 silly packumentCache full:https://registry.npmjs.org/react set size:6830011 disposed:false
30 silly fetch manifest react-native@0.81.5
31 silly packumentCache full:https://registry.npmjs.org/react-native cache-miss
32 http cache https://registry.npmjs.org/react-native 83ms (cache hit)
33 silly packumentCache full:https://registry.npmjs.org/react-native set size:15548166 disposed:false
34 silly fetch manifest @types/react@~19.1.0
35 silly packumentCache full:https://registry.npmjs.org/@types%2freact cache-miss
36 http cache https://registry.npmjs.org/@types%2freact 27ms (cache hit)
37 silly packumentCache full:https://registry.npmjs.org/@types%2freact set size:2632776 disposed:false
38 silly fetch manifest @expo/metro-runtime@*
39 silly packumentCache full:https://registry.npmjs.org/@expo%2fmetro-runtime cache-miss
40 http cache https://registry.npmjs.org/@expo%2fmetro-runtime 24ms (cache hit)
41 silly packumentCache full:https://registry.npmjs.org/@expo%2fmetro-runtime set size:779136 disposed:false
42 silly fetch manifest react-dom@19.1.0
43 silly packumentCache full:https://registry.npmjs.org/react-dom cache-miss
44 http cache https://registry.npmjs.org/react-dom 57ms (cache hit)
45 silly packumentCache full:https://registry.npmjs.org/react-dom set size:9160340 disposed:false
46 silly fetch manifest react-native-webview@*
47 silly packumentCache full:https://registry.npmjs.org/react-native-webview cache-miss
48 http cache https://registry.npmjs.org/react-native-webview 18ms (cache hit)
49 silly packumentCache full:https://registry.npmjs.org/react-native-webview set size:1379763 disposed:false
50 silly placeDep ROOT expo-speech@14.0.8 OK for: shopwithezzv2@1.0.0 want: ~14.0.8
51 silly reify moves {}
52 silly audit bulk request {
52 silly audit   '@0no-co/graphql.web': [ '1.3.2' ],
52 silly audit   '@babel/code-frame': [ '7.29.7', '7.10.4' ],
52 silly audit   '@babel/compat-data': [ '7.29.7' ],
52 silly audit   '@babel/core': [ '7.29.7' ],
52 silly audit   '@babel/generator': [ '7.29.7' ],
52 silly audit   '@babel/helper-annotate-as-pure': [ '7.29.7' ],
52 silly audit   '@babel/helper-compilation-targets': [ '7.29.7' ],
52 silly audit   '@babel/helper-create-class-features-plugin': [ '7.29.7' ],
52 silly audit   '@babel/helper-create-regexp-features-plugin': [ '7.29.7' ],
52 silly audit   '@babel/helper-define-polyfill-provider': [ '0.6.8' ],
52 silly audit   resolve: [ '1.22.12', '1.7.1', '2.0.0-next.7' ],
52 silly audit   '@babel/helper-globals': [ '7.29.7' ],
52 silly audit   '@babel/helper-member-expression-to-functions': [ '7.29.7' ],
52 silly audit   '@babel/helper-module-imports': [ '7.29.7' ],
52 silly audit   '@babel/helper-module-transforms': [ '7.29.7' ],
52 silly audit   '@babel/helper-optimise-call-expression': [ '7.29.7' ],
52 silly audit   '@babel/helper-plugin-utils': [ '7.29.7' ],
52 silly audit   '@babel/helper-remap-async-to-generator': [ '7.29.7' ],
52 silly audit   '@babel/helper-replace-supers': [ '7.29.7' ],
52 silly audit   '@babel/helper-skip-transparent-expression-wrappers': [ '7.29.7' ],
52 silly audit   '@babel/helper-string-parser': [ '7.29.7' ],
52 silly audit   '@babel/helper-validator-identifier': [ '7.29.7' ],
52 silly audit   '@babel/helper-validator-option': [ '7.29.7' ],
52 silly audit   '@babel/helper-wrap-function': [ '7.29.7' ],
52 silly audit   '@babel/helpers': [ '7.29.7' ],
52 silly audit   '@babel/highlight': [ '7.25.9' ],
52 silly audit   'ansi-styles': [ '3.2.1', '6.2.3', '4.3.0', '5.2.0' ],
52 silly audit   chalk: [ '2.4.2', '4.1.2' ],
52 silly audit   'color-convert': [ '1.9.3', '2.0.1' ],
52 silly audit   'color-name': [ '1.1.3', '1.1.4' ],
52 silly audit   'escape-string-regexp': [ '1.0.5', '4.0.0', '2.0.0' ],
52 silly audit   'has-flag': [ '3.0.0', '4.0.0' ],
52 silly audit   'supports-color': [ '5.5.0', '8.1.1', '7.2.0' ],
52 silly audit   '@babel/parser': [ '7.29.7' ],
52 silly audit   '@babel/plugin-proposal-decorators': [ '7.29.7' ],
52 silly audit   '@babel/plugin-proposal-export-default-from': [ '7.29.7' ],
52 silly audit   '@babel/plugin-syntax-async-generators': [ '7.8.4' ],
52 silly audit   '@babel/plugin-syntax-bigint': [ '7.8.3' ],
52 silly audit   '@babel/plugin-syntax-class-properties': [ '7.12.13' ],
52 silly audit   '@babel/plugin-syntax-class-static-block': [ '7.14.5' ],
52 silly audit   '@babel/plugin-syntax-decorators': [ '7.29.7' ],
52 silly audit   '@babel/plugin-syntax-dynamic-import': [ '7.8.3' ],
52 silly audit   '@babel/plugin-syntax-export-default-from': [ '7.29.7' ],
52 silly audit   '@babel/plugin-syntax-flow': [ '7.29.7' ],
52 silly audit   '@babel/plugin-syntax-import-attributes': [ '7.29.7' ],
52 silly audit   '@babel/plugin-syntax-import-meta': [ '7.10.4' ],
52 silly audit   '@babel/plugin-syntax-json-strings': [ '7.8.3' ],
52 silly audit   '@babel/plugin-syntax-jsx': [ '7.29.7' ],
52 silly audit   '@babel/plugin-syntax-logical-assignment-operators': [ '7.10.4' ],
52 silly audit   '@babel/plugin-syntax-nullish-coalescing-operator': [ '7.8.3' ],
52 silly audit   '@babel/plugin-syntax-numeric-separator': [ '7.10.4' ],
52 silly audit   '@babel/plugin-syntax-object-rest-spread': [ '7.8.3' ],
52 silly audit   '@babel/plugin-syntax-optional-catch-binding': [ '7.8.3' ],
52 silly audit   '@babel/plugin-syntax-optional-chaining': [ '7.8.3' ],
52 silly audit   '@babel/plugin-syntax-private-property-in-object': [ '7.14.5' ],
52 silly audit   '@babel/plugin-syntax-top-level-await': [ '7.14.5' ],
52 silly audit   '@babel/plugin-syntax-typescript': [ '7.29.7' ],
52 silly audit   '@babel/plugin-transform-arrow-functions': [ '7.29.7' ],
52 silly audit   '@babel/plugin-transform-async-generator-functions': [ '7.29.7' ],
52 silly audit   '@babel/plugin-transform-async-to-generator': [ '7.29.7' ],
52 silly audit   '@babel/plugin-transform-block-scoping': [ '7.29.7' ],
52 silly audit   '@babel/plugin-transform-class-properties': [ '7.29.7' ],
52 silly audit   '@babel/plugin-transform-class-static-block': [ '7.29.7' ],
52 silly audit   '@babel/plugin-transform-classes': [ '7.29.7' ],
52 silly audit   '@babel/plugin-transform-computed-properties': [ '7.29.7' ],
52 silly audit   '@babel/plugin-transform-destructuring': [ '7.29.7' ],
52 silly audit   '@babel/plugin-transform-export-namespace-from': [ '7.29.7' ],
52 silly audit   '@babel/plugin-transform-flow-strip-types': [ '7.29.7' ],
52 silly audit   '@babel/plugin-transform-for-of': [ '7.29.7' ],
52 silly audit   '@babel/plugin-transform-function-name': [ '7.29.7' ],
52 silly audit   '@babel/plugin-transform-literals': [ '7.29.7' ],
52 silly audit   '@babel/plugin-transform-logical-assignment-operators': [ '7.29.7' ],
52 silly audit   '@babel/plugin-transform-modules-commonjs': [ '7.29.7' ],
52 silly audit   '@babel/plugin-transform-named-capturing-groups-regex': [ '7.29.7' ],
52 silly audit   '@babel/plugin-transform-nullish-coalescing-operator': [ '7.29.7' ],
52 silly audit   '@babel/plugin-transform-numeric-separator': [ '7.29.7' ],
52 silly audit   '@babel/plugin-transform-object-rest-spread': [ '7.29.7' ],
52 silly audit   '@babel/plugin-transform-optional-catch-binding': [ '7.29.7' ],
52 silly audit   '@babel/plugin-transform-optional-chaining': [ '7.29.7' ],
52 silly audit   '@babel/plugin-transform-parameters': [ '7.29.7' ],
52 silly audit   '@babel/plugin-transform-private-methods': [ '7.29.7' ],
52 silly audit   '@babel/plugin-transform-private-property-in-object': [ '7.29.7' ],
52 silly audit   '@babel/plugin-transform-react-display-name': [ '7.29.7' ],
52 silly audit   '@babel/plugin-transform-react-jsx': [ '7.29.7' ],
52 silly audit   '@babel/plugin-transform-react-jsx-development': [ '7.29.7' ],
52 silly audit   '@babel/plugin-transform-react-jsx-self': [ '7.29.7' ],
52 silly audit   '@babel/plugin-transform-react-jsx-source': [ '7.29.7' ],
52 silly audit   '@babel/plugin-transform-react-pure-annotations': [ '7.29.7' ],
52 silly audit   '@babel/plugin-transform-regenerator': [ '7.29.7' ],
52 silly audit   '@babel/plugin-transform-runtime': [ '7.29.7' ],
52 silly audit   '@babel/plugin-transform-shorthand-properties': [ '7.29.7' ],
52 silly audit   '@babel/plugin-transform-spread': [ '7.29.7' ],
52 silly audit   '@babel/plugin-transform-sticky-regex': [ '7.29.7' ],
52 silly audit   '@babel/plugin-transform-template-literals': [ '7.29.7' ],
52 silly audit   '@babel/plugin-transform-typescript': [ '7.29.7' ],
52 silly audit   '@babel/plugin-transform-unicode-regex': [ '7.29.7' ],
52 silly audit   '@babel/preset-react': [ '7.29.7' ],
52 silly audit   '@babel/preset-typescript': [ '7.29.7' ],
52 silly audit   '@babel/runtime': [ '7.29.7' ],
52 silly audit   '@babel/template': [ '7.29.7' ],
52 silly audit   '@babel/traverse': [ '7.29.7' ],
52 silly audit   '@babel/types': [ '7.29.7' ],
52 silly audit   '@egjs/hammerjs': [ '2.0.17' ],
52 silly audit   '@emnapi/core': [ '1.10.0' ],
52 silly audit   '@emnapi/runtime': [ '1.10.0' ],
52 silly audit   '@emnapi/wasi-threads': [ '1.2.1' ],
52 silly audit   '@eslint-community/eslint-utils': [ '4.9.1' ],
52 silly audit   'eslint-visitor-keys': [ '3.4.3', '5.0.1', '4.2.1' ],
52 silly audit   '@eslint-community/regexpp': [ '4.12.2' ],
52 silly audit   '@eslint/config-array': [ '0.21.2' ],
52 silly audit   '@eslint/config-helpers': [ '0.4.2' ],
52 silly audit   '@eslint/core': [ '0.17.0' ],
52 silly audit   '@eslint/eslintrc': [ '3.3.6' ],
52 silly audit   '@eslint/js': [ '9.39.5' ],
52 silly audit   '@eslint/object-schema': [ '2.1.7' ],
52 silly audit   '@eslint/plugin-kit': [ '0.4.1' ],
52 silly audit   '@expo/code-signing-certificates': [ '0.0.6' ],
52 silly audit   '@expo/config': [ '12.0.14' ],
52 silly audit   '@expo/config-plugins': [ '54.0.5', '10.1.2' ],
52 silly audit   '@expo/json-file': [ '10.0.16', '10.2.0', '11.0.1', '9.1.5' ],
52 silly audit   semver: [ '7.8.5', '7.6.3', '7.7.2', '6.3.1' ],
52 silly audit   '@expo/config-types': [ '54.0.10', '53.0.5' ],
52 silly audit   '@expo/devcert': [ '1.2.1' ],
52 silly audit   debug: [ '3.2.7', '2.6.9', '4.4.3' ],
52 silly audit   '@expo/devtools': [ '0.1.8' ],
52 silly audit   '@expo/env': [ '2.0.12' ],
52 silly audit   '@expo/fingerprint': [ '0.15.5' ],
52 silly audit   'balanced-match': [ '4.0.4', '1.0.2' ],
52 silly audit   'brace-expansion': [ '5.0.7', '1.1.16', '2.1.2' ],
52 silly audit   minimatch: [ '10.2.5', '9.0.9', '3.1.5' ],
52 silly audit   '@expo/image-utils': [ '0.8.15' ],
52 silly audit   '@expo/metro': [ '54.2.0' ],
52 silly audit   '@expo/metro-runtime': [ '6.1.2' ],
52 silly audit   '@expo/osascript': [ '2.7.1' ],
52 silly audit   '@expo/package-manager': [ '1.13.1' ],
52 silly audit   '@expo/plist': [ '0.4.9', '0.3.5' ],
52 silly audit   '@expo/prebuild-config': [ '54.0.9' ],
52 silly audit   '@expo/require-utils': [ '55.0.6' ],
52 silly audit   '@expo/schema-utils': [ '0.1.9' ],
52 silly audit   '@expo/sdk-runtime-versions': [ '1.0.0' ],
52 silly audit   '@expo/spawn-async': [ '1.8.0' ],
52 silly audit   '@expo/sudo-prompt': [ '9.3.2' ],
52 silly audit   '@expo/vector-icons': [ '15.1.1' ],
52 silly audit   '@expo/ws-tunnel': [ '1.0.6' ],
52 silly audit   '@expo/xcpretty': [ '4.4.4' ],
52 silly audit   '@humanfs/core': [ '0.19.2' ],
52 silly audit   '@humanfs/node': [ '0.16.8' ],
52 silly audit   '@humanfs/types': [ '0.15.0' ],
52 silly audit   '@humanwhocodes/module-importer': [ '1.0.1' ],
52 silly audit   '@humanwhocodes/retry': [ '0.4.3' ],
52 silly audit   '@isaacs/cliui': [ '8.0.2' ],
52 silly audit   'ansi-regex': [ '6.2.2', '5.0.1', '4.1.1' ],
52 silly audit   'emoji-regex': [ '9.2.2', '8.0.0' ],
52 silly audit   'string-width': [ '5.1.2', '4.2.3' ],
52 silly audit   'strip-ansi': [ '7.2.0', '5.2.0', '6.0.1' ],
52 silly audit   'wrap-ansi': [ '8.1.0', '7.0.0' ],
52 silly audit   '@isaacs/fs-minipass': [ '4.0.1' ],
52 silly audit   '@isaacs/ttlcache': [ '1.4.1' ],
52 silly audit   '@istanbuljs/load-nyc-config': [ '1.1.0' ],
52 silly audit   argparse: [ '1.0.10', '2.0.1' ],
52 silly audit   camelcase: [ '5.3.1', '6.3.0' ],
52 silly audit   'find-up': [ '4.1.0', '5.0.0' ],
52 silly audit   'js-yaml': [ '3.15.0', '4.3.0' ],
52 silly audit   'locate-path': [ '5.0.0', '6.0.0' ],
52 silly audit   'p-limit': [ '2.3.0', '3.1.0' ],
52 silly audit   'p-locate': [ '4.1.0', '5.0.0' ],
52 silly audit   '@istanbuljs/schema': [ '0.1.6' ],
52 silly audit   '@jest/create-cache-key-function': [ '29.7.0' ],
52 silly audit   '@jest/environment': [ '29.7.0' ],
52 silly audit   '@jest/fake-timers': [ '29.7.0' ],
52 silly audit   '@jest/schemas': [ '29.6.3' ],
52 silly audit   '@jest/transform': [ '29.7.0' ],
52 silly audit   '@jest/types': [ '29.6.3' ],
52 silly audit   '@jridgewell/gen-mapping': [ '0.3.13' ],
52 silly audit   '@jridgewell/remapping': [ '2.3.5' ],
52 silly audit   '@jridgewell/resolve-uri': [ '3.1.2' ],
52 silly audit   '@jridgewell/source-map': [ '0.3.11' ],
52 silly audit   '@jridgewell/sourcemap-codec': [ '1.5.5' ],
52 silly audit   '@jridgewell/trace-mapping': [ '0.3.31' ],
52 silly audit   '@napi-rs/wasm-runtime': [ '1.1.6' ],
52 silly audit   '@nolyfill/is-core-module': [ '1.0.39' ],
52 silly audit   '@pkgjs/parseargs': [ '0.11.0' ],
52 silly audit   '@radix-ui/primitive': [ '1.1.5' ],
52 silly audit   '@radix-ui/react-compose-refs': [ '1.1.2', '1.1.3' ],
52 silly audit   '@radix-ui/react-context': [ '1.2.0' ],
52 silly audit   '@radix-ui/react-direction': [ '1.1.2' ],
52 silly audit   '@radix-ui/react-focus-guards': [ '1.1.4' ],
52 silly audit   '@radix-ui/react-id': [ '1.1.2' ],
52 silly audit   '@radix-ui/react-slot': [ '1.2.0', '1.3.0' ],
52 silly audit   '@radix-ui/react-use-callback-ref': [ '1.1.2' ],
52 silly audit   '@radix-ui/react-use-controllable-state': [ '1.2.3' ],
52 silly audit   '@radix-ui/react-use-effect-event': [ '0.0.3' ],
52 silly audit   '@radix-ui/react-use-is-hydrated': [ '0.1.1' ],
52 silly audit   '@radix-ui/react-use-layout-effect': [ '1.1.2' ],
52 silly audit   '@react-native-async-storage/async-storage': [ '2.2.0' ],
52 silly audit   '@react-native/assets-registry': [ '0.81.5' ],
52 silly audit   '@react-native/babel-plugin-codegen': [ '0.81.5' ],
52 silly audit   '@react-native/babel-preset': [ '0.81.5' ],
52 silly audit   '@react-native/codegen': [ '0.81.5' ],
52 silly audit   glob: [ '7.2.3', '10.5.0', '13.0.6' ],
52 silly audit   'hermes-estree': [ '0.29.1', '0.32.0' ],
52 silly audit   'hermes-parser': [ '0.29.1', '0.32.0' ],
52 silly audit   '@react-native/community-cli-plugin': [ '0.81.5' ],
52 silly audit   '@react-native/debugger-frontend': [ '0.81.5' ],
52 silly audit   '@react-native/dev-middleware': [ '0.81.5' ],
52 silly audit   ws: [ '6.2.6', '8.21.1', '7.5.13' ],
52 silly audit   '@react-native/gradle-plugin': [ '0.81.5' ],
52 silly audit   '@react-native/js-polyfills': [ '0.81.5' ],
52 silly audit   '@react-native/normalize-colors': [ '0.81.5', '0.74.89' ],
52 silly audit   '@react-navigation/bottom-tabs': [ '7.18.11' ],
52 silly audit   '@react-navigation/core': [ '7.21.8' ],
52 silly audit   '@react-navigation/elements': [ '2.9.33' ],
52 silly audit   '@react-navigation/native': [ '7.3.11' ],
52 silly audit   '@react-navigation/native-stack': [ '7.18.3' ],
52 silly audit   '@react-navigation/routers': [ '7.6.2' ],
52 silly audit   '@rtsao/scc': [ '1.1.0' ],
52 silly audit   '@sinclair/typebox': [ '0.27.12' ],
52 silly audit   '@sinonjs/commons': [ '3.0.1' ],
52 silly audit   '@sinonjs/fake-timers': [ '10.3.0' ],
52 silly audit   '@tybys/wasm-util': [ '0.10.3' ],
52 silly audit   '@types/babel__core': [ '7.20.5' ],
52 silly audit   '@types/babel__generator': [ '7.27.0' ],
52 silly audit   '@types/babel__template': [ '7.4.4' ],
52 silly audit   '@types/babel__traverse': [ '7.28.0' ],
52 silly audit   '@types/estree': [ '1.0.9' ],
52 silly audit   '@types/graceful-fs': [ '4.1.9' ],
52 silly audit   '@types/hammerjs': [ '2.0.46' ],
52 silly audit   '@types/istanbul-lib-coverage': [ '2.0.6' ],
52 silly audit   '@types/istanbul-lib-report': [ '3.0.3' ],
52 silly audit   '@types/istanbul-reports': [ '3.0.4' ],
52 silly audit   '@types/json-schema': [ '7.0.15' ],
52 silly audit   '@types/json5': [ '0.0.29' ],
52 silly audit   '@types/node': [ '26.1.1' ],
52 silly audit   '@types/react': [ '19.1.17' ],
52 silly audit   '@types/stack-utils': [ '2.0.3' ],
52 silly audit   '@types/yargs': [ '17.0.35' ],
52 silly audit   '@types/yargs-parser': [ '21.0.3' ],
52 silly audit   '@typescript-eslint/eslint-plugin': [ '8.64.0' ],
52 silly audit   ignore: [ '7.0.6', '5.3.2' ],
52 silly audit   '@typescript-eslint/parser': [ '8.64.0' ],
52 silly audit   '@typescript-eslint/project-service': [ '8.64.0' ],
52 silly audit   '@typescript-eslint/scope-manager': [ '8.64.0' ],
52 silly audit   '@typescript-eslint/tsconfig-utils': [ '8.64.0' ],
52 silly audit   '@typescript-eslint/type-utils': [ '8.64.0' ],
52 silly audit   '@typescript-eslint/types': [ '8.64.0' ],
52 silly audit   '@typescript-eslint/typescript-estree': [ '8.64.0' ],
52 silly audit   '@typescript-eslint/utils': [ '8.64.0' ],
52 silly audit   '@typescript-eslint/visitor-keys': [ '8.64.0' ],
52 silly audit   '@ungap/structured-clone': [ '1.3.3' ],
52 silly audit   '@unrs/resolver-binding-android-arm-eabi': [ '1.12.2' ],
52 silly audit   '@unrs/resolver-binding-android-arm64': [ '1.12.2' ],
52 silly audit   '@unrs/resolver-binding-darwin-arm64': [ '1.12.2' ],
52 silly audit   '@unrs/resolver-binding-darwin-x64': [ '1.12.2' ],
52 silly audit   '@unrs/resolver-binding-freebsd-x64': [ '1.12.2' ],
52 silly audit   '@unrs/resolver-binding-linux-arm-gnueabihf': [ '1.12.2' ],
52 silly audit   '@unrs/resolver-binding-linux-arm-musleabihf': [ '1.12.2' ],
52 silly audit   '@unrs/resolver-binding-linux-arm64-gnu': [ '1.12.2' ],
52 silly audit   '@unrs/resolver-binding-linux-arm64-musl': [ '1.12.2' ],
52 silly audit   '@unrs/resolver-binding-linux-loong64-gnu': [ '1.12.2' ],
52 silly audit   '@unrs/resolver-binding-linux-loong64-musl': [ '1.12.2' ],
52 silly audit   '@unrs/resolver-binding-linux-ppc64-gnu': [ '1.12.2' ],
52 silly audit   '@unrs/resolver-binding-linux-riscv64-gnu': [ '1.12.2' ],
52 silly audit   '@unrs/resolver-binding-linux-riscv64-musl': [ '1.12.2' ],
52 silly audit   '@unrs/resolver-binding-linux-s390x-gnu': [ '1.12.2' ],
52 silly audit   '@unrs/resolver-binding-linux-x64-gnu': [ '1.12.2' ],
52 silly audit   '@unrs/resolver-binding-linux-x64-musl': [ '1.12.2' ],
52 silly audit   '@unrs/resolver-binding-openharmony-arm64': [ '1.12.2' ],
52 silly audit   '@unrs/resolver-binding-wasm32-wasi': [ '1.12.2' ],
52 silly audit   '@unrs/resolver-binding-win32-arm64-msvc': [ '1.12.2' ],
52 silly audit   '@unrs/resolver-binding-win32-ia32-msvc': [ '1.12.2' ],
52 silly audit   '@unrs/resolver-binding-win32-x64-msvc': [ '1.12.2' ],
52 silly audit   '@urql/core': [ '5.2.0' ],
52 silly audit   '@urql/exchange-retry': [ '1.3.2' ],
52 silly audit   '@xmldom/xmldom': [ '0.8.13', '0.9.10' ],
52 silly audit   '@yarnpkg/lockfile': [ '1.1.0' ],
52 silly audit   '@zhanziyang/expo-text-extractor': [ '1.0.2' ],
52 silly audit   'abort-controller': [ '3.0.0' ],
52 silly audit   accepts: [ '1.3.8' ],
52 silly audit   acorn: [ '8.17.0' ],
52 silly audit   'acorn-jsx': [ '5.3.2' ],
52 silly audit   'agent-base': [ '7.1.4' ],
52 silly audit   ajv: [ '6.15.0' ],
52 silly audit   anser: [ '1.4.10' ],
52 silly audit   'ansi-escapes': [ '4.3.2' ],
52 silly audit   'type-fest': [ '0.21.3', '0.7.1' ],
52 silly audit   'any-promise': [ '1.3.0' ],
52 silly audit   anymatch: [ '3.1.3' ],
52 silly audit   arg: [ '5.0.2' ],
52 silly audit   'aria-hidden': [ '1.2.6' ],
52 silly audit   'array-buffer-byte-length': [ '1.0.2' ],
52 silly audit   'array-includes': [ '3.1.9' ],
52 silly audit   'array.prototype.findlast': [ '1.2.5' ],
52 silly audit   'array.prototype.findlastindex': [ '1.2.6' ],
52 silly audit   'array.prototype.flat': [ '1.3.3' ],
52 silly audit   'array.prototype.flatmap': [ '1.3.3' ],
52 silly audit   'array.prototype.tosorted': [ '1.1.4' ],
52 silly audit   'arraybuffer.prototype.slice': [ '1.0.4' ],
52 silly audit   asap: [ '2.0.6' ],
52 silly audit   'async-function': [ '1.0.0' ],
52 silly audit   'async-limiter': [ '1.0.1' ],
52 silly audit   'available-typed-arrays': [ '1.0.7' ],
52 silly audit   'babel-jest': [ '29.7.0' ],
52 silly audit   'babel-plugin-istanbul': [ '6.1.1' ],
52 silly audit   'babel-plugin-jest-hoist': [ '29.6.3' ],
52 silly audit   'babel-plugin-polyfill-corejs2': [ '0.4.17' ],
52 silly audit   'babel-plugin-polyfill-corejs3': [ '0.13.0' ],
52 silly audit   'babel-plugin-polyfill-regenerator': [ '0.6.8' ],
52 silly audit   'babel-plugin-react-compiler': [ '1.0.0' ],
52 silly audit   'babel-plugin-react-native-web': [ '0.21.2' ],
52 silly audit   'babel-plugin-syntax-hermes-parser': [ '0.29.1' ],
52 silly audit   'babel-plugin-transform-flow-enums': [ '0.0.2' ],
52 silly audit   'babel-preset-current-node-syntax': [ '1.2.0' ],
52 silly audit   'babel-preset-jest': [ '29.6.3' ],
52 silly audit   'base64-js': [ '1.5.1' ],
52 silly audit   'baseline-browser-mapping': [ '2.10.43' ],
52 silly audit   'better-opn': [ '3.0.2' ],
52 silly audit   open: [ '8.4.2', '7.4.2' ],
52 silly audit   'big-integer': [ '1.6.52' ],
52 silly audit   'bplist-creator': [ '0.1.0' ],
52 silly audit   'bplist-parser': [ '0.3.1' ],
52 silly audit   braces: [ '3.0.3' ],
52 silly audit   browserslist: [ '4.28.6' ],
52 silly audit   bser: [ '2.1.1' ],
52 silly audit   buffer: [ '5.7.1' ],
52 silly audit   'buffer-from': [ '1.1.2' ],
52 silly audit   bytes: [ '3.1.2' ],
52 silly audit   'call-bind': [ '1.0.9' ],
52 silly audit   'call-bind-apply-helpers': [ '1.0.2' ],
52 silly audit   'call-bound': [ '1.0.4' ],
52 silly audit   callsites: [ '3.1.0' ],
52 silly audit   'caniuse-lite': [ '1.0.30001806' ],
52 silly audit   chownr: [ '3.0.0' ],
52 silly audit   'chrome-launcher': [ '0.15.2' ],
52 silly audit   'chromium-edge-launcher': [ '0.2.0' ],
52 silly audit   'ci-info': [ '2.0.0', '3.9.0' ],
52 silly audit   'cli-cursor': [ '2.1.0' ],
52 silly audit   'cli-spinners': [ '2.9.2' ],
52 silly audit   'client-only': [ '0.0.1' ],
52 silly audit   cliui: [ '8.0.1' ],
52 silly audit   clone: [ '1.0.4' ],
52 silly audit   color: [ '4.2.3' ],
52 silly audit   'color-string': [ '1.9.1' ],
52 silly audit   commander: [ '7.2.0', '12.1.0', '4.1.1', '2.20.3' ],
52 silly audit   compressible: [ '2.0.18' ],
52 silly audit   compression: [ '1.8.1' ],
52 silly audit   ms: [ '2.0.0', '2.1.3' ],
52 silly audit   negotiator: [ '0.6.4', '0.6.3' ],
52 silly audit   'concat-map': [ '0.0.1' ],
52 silly audit   connect: [ '3.7.0' ],
52 silly audit   'convert-source-map': [ '2.0.0' ],
52 silly audit   'core-js-compat': [ '3.49.0' ],
52 silly audit   'cross-fetch': [ '3.2.0' ],
52 silly audit   'cross-spawn': [ '7.0.6' ],
52 silly audit   'css-in-js-utils': [ '3.1.0' ],
52 silly audit   csstype: [ '3.2.3' ],
52 silly audit   'data-view-buffer': [ '1.0.2' ],
52 silly audit   'data-view-byte-length': [ '1.0.2' ],
52 silly audit   'data-view-byte-offset': [ '1.0.1' ],
52 silly audit   'decode-uri-component': [ '0.2.2' ],
52 silly audit   'deep-extend': [ '0.6.0' ],
52 silly audit   'deep-is': [ '0.1.4' ],
52 silly audit   deepmerge: [ '4.3.1' ],
52 silly audit   defaults: [ '1.0.4' ],
52 silly audit   'define-data-property': [ '1.1.4' ],
52 silly audit   'define-lazy-prop': [ '2.0.0' ],
52 silly audit   'define-properties': [ '1.2.1' ],
52 silly audit   depd: [ '2.0.0' ],
52 silly audit   destroy: [ '1.2.0' ],
52 silly audit   'detect-libc': [ '2.1.2' ],
52 silly audit   'detect-node-es': [ '1.1.0' ],
52 silly audit   doctrine: [ '2.1.0' ],
52 silly audit   dotenv: [ '16.4.7' ],
52 silly audit   'dotenv-expand': [ '11.0.7' ],
52 silly audit   'dunder-proto': [ '1.0.1' ],
52 silly audit   eastasianwidth: [ '0.2.0' ],
52 silly audit   'ee-first': [ '1.1.1' ],
52 silly audit   'electron-to-chromium': [ '1.5.393' ],
52 silly audit   encodeurl: [ '1.0.2', '2.0.0' ],
52 silly audit   'env-editor': [ '0.4.2' ],
52 silly audit   'error-stack-parser': [ '2.1.4' ],
52 silly audit   'es-abstract': [ '1.24.2' ],
52 silly audit   'es-abstract-get': [ '1.0.0' ],
52 silly audit   'es-define-property': [ '1.0.1' ],
52 silly audit   'es-errors': [ '1.3.0' ],
52 silly audit   'es-iterator-helpers': [ '1.4.0' ],
52 silly audit   'es-object-atoms': [ '1.1.2' ],
52 silly audit   'es-set-tostringtag': [ '2.1.0' ],
52 silly audit   'es-shim-unscopables': [ '1.1.0' ],
52 silly audit   'es-to-primitive': [ '1.3.4' ],
52 silly audit   escalade: [ '3.2.0' ],
52 silly audit   'escape-html': [ '1.0.3' ],
52 silly audit   eslint: [ '9.39.5' ],
52 silly audit   'eslint-config-expo': [ '10.0.0' ],
52 silly audit   globals: [ '16.5.0', '14.0.0' ],
52 silly audit   'eslint-import-resolver-node': [ '0.3.10' ],
52 silly audit   'eslint-import-resolver-typescript': [ '3.10.1' ],
52 silly audit   'eslint-module-utils': [ '2.14.0' ],
52 silly audit   'eslint-plugin-expo': [ '1.1.0' ],
52 silly audit   'eslint-plugin-import': [ '2.32.0' ],
52 silly audit   'eslint-plugin-react': [ '7.37.5' ],
52 silly audit   'eslint-plugin-react-hooks': [ '5.2.0' ],
52 silly audit   'eslint-scope': [ '8.4.0' ],
52 silly audit   espree: [ '10.4.0' ],
52 silly audit   esprima: [ '4.0.1' ],
52 silly audit   esquery: [ '1.7.0' ],
52 silly audit   esrecurse: [ '4.3.0' ],
52 silly audit   estraverse: [ '5.3.0' ],
52 silly audit   esutils: [ '2.0.3' ],
52 silly audit   etag: [ '1.8.1' ],
52 silly audit   'event-target-shim': [ '5.0.1' ],
52 silly audit   expo: [ '54.0.36' ],
52 silly audit   'expo-camera': [ '17.0.10' ],
52 silly audit   'expo-constants': [ '18.0.13' ],
52 silly audit   'expo-file-system': [ '19.0.23' ],
52 silly audit   'expo-font': [ '14.0.12' ],
52 silly audit   'expo-haptics': [ '15.0.8' ],
52 silly audit   'expo-image': [ '3.0.11' ],
52 silly audit   'expo-linking': [ '8.0.12' ],
52 silly audit   'expo-modules-autolinking': [ '3.0.26' ],
52 silly audit   'expo-modules-core': [ '3.0.30' ],
52 silly audit   'expo-router': [ '6.0.24' ],
52 silly audit   '@radix-ui/react-collection': [ '1.1.12' ],
52 silly audit   '@radix-ui/react-presence': [ '1.1.7' ],
52 silly audit   '@radix-ui/react-primitive': [ '2.1.7' ],
52 silly audit   '@radix-ui/react-roving-focus': [ '1.1.15' ],
52 silly audit   '@radix-ui/react-tabs': [ '1.1.17' ],
52 silly audit   'expo-server': [ '1.0.7' ],
52 silly audit   'expo-share-intent': [ '5.1.1' ],
52 silly audit   'lru-cache': [ '10.4.3', '5.1.1', '11.5.2' ],
52 silly audit   'path-scurry': [ '1.11.1', '2.0.2' ],
52 silly audit   'expo-sharing': [ '14.0.8' ],
52 silly audit   'expo-speech-recognition': [ '3.1.3' ],
52 silly audit   'expo-splash-screen': [ '31.0.13' ],
52 silly audit   'expo-status-bar': [ '3.0.9' ],
52 silly audit   'expo-symbols': [ '1.0.8' ],
52 silly audit   'expo-system-ui': [ '6.0.9' ],
52 silly audit   'expo-web-browser': [ '15.0.11' ],
52 silly audit   '@expo/cli': [ '54.0.26' ],
52 silly audit   '@expo/metro-config': [ '54.0.17' ],
52 silly audit   'babel-preset-expo': [ '54.0.12' ],
52 silly audit   'expo-asset': [ '12.0.13' ],
52 silly audit   'expo-keep-awake': [ '15.0.8' ],
52 silly audit   picomatch: [ '4.0.5', '2.3.2' ],
52 silly audit   'exponential-backoff': [ '3.1.3' ],
52 silly audit   'fast-deep-equal': [ '3.1.3' ],
52 silly audit   'fast-json-stable-stringify': [ '2.1.0' ],
52 silly audit   'fast-levenshtein': [ '2.0.6' ],
52 silly audit   'fb-watchman': [ '2.0.2' ],
52 silly audit   fbjs: [ '3.0.5' ],
52 silly audit   'fbjs-css-vars': [ '1.0.2' ],
52 silly audit   promise: [ '7.3.1', '8.3.0' ],
52 silly audit   'file-entry-cache': [ '8.0.0' ],
52 silly audit   'fill-range': [ '7.1.1' ],
52 silly audit   'filter-obj': [ '1.1.0' ],
52 silly audit   finalhandler: [ '1.1.2' ],
52 silly audit   'find-yarn-workspace-root': [ '2.0.0' ],
52 silly audit   'flat-cache': [ '4.0.1' ],
52 silly audit   flatted: [ '3.4.2' ],
52 silly audit   'flow-enums-runtime': [ '0.0.6' ],
52 silly audit   fontfaceobserver: [ '2.3.0' ],
52 silly audit   'for-each': [ '0.3.5' ],
52 silly audit   'foreground-child': [ '3.3.1' ],
52 silly audit   'signal-exit': [ '4.1.0', '3.0.7' ],
52 silly audit   'freeport-async': [ '2.0.0' ],
52 silly audit   fresh: [ '0.5.2' ],
52 silly audit   'fs-extra': [ '10.1.0' ],
52 silly audit   'fs.realpath': [ '1.0.0' ],
52 silly audit   fsevents: [ '2.3.3' ],
52 silly audit   'function-bind': [ '1.1.2' ],
52 silly audit   'function.prototype.name': [ '1.2.0' ],
52 silly audit   'functions-have-names': [ '1.2.3' ],
52 silly audit   'generator-function': [ '2.0.1' ],
52 silly audit   gensync: [ '1.0.0-beta.2' ],
52 silly audit   'get-caller-file': [ '2.0.5' ],
52 silly audit   'get-intrinsic': [ '1.3.0' ],
52 silly audit   'get-nonce': [ '1.0.1' ],
52 silly audit   'get-package-type': [ '0.1.0' ],
52 silly audit   'get-proto': [ '1.0.1' ],
52 silly audit   'get-symbol-description': [ '1.1.0' ],
52 silly audit   'get-tsconfig': [ '4.14.0' ],
52 silly audit   getenv: [ '2.0.0' ],
52 silly audit   'glob-parent': [ '6.0.2' ],
52 silly audit   globalthis: [ '1.0.4' ],
52 silly audit   gopd: [ '1.2.0' ],
52 silly audit   'graceful-fs': [ '4.2.11' ],
52 silly audit   'has-bigints': [ '1.1.0' ],
52 silly audit   'has-property-descriptors': [ '1.0.2' ],
52 silly audit   'has-proto': [ '1.2.0' ],
52 silly audit   'has-symbols': [ '1.1.0' ],
52 silly audit   'has-tostringtag': [ '1.0.2' ],
52 silly audit   hasown: [ '2.0.4' ],
52 silly audit   'hoist-non-react-statics': [ '3.3.2' ],
52 silly audit   'react-is': [ '16.13.1', '18.3.1', '19.2.7' ],
52 silly audit   'hosted-git-info': [ '7.0.2' ],
52 silly audit   'http-errors': [ '2.0.1' ],
52 silly audit   statuses: [ '2.0.2', '1.5.0' ],
52 silly audit   'https-proxy-agent': [ '7.0.6' ],
52 silly audit   'hyphenate-style-name': [ '1.1.0' ],
52 silly audit   ieee754: [ '1.2.1' ],
52 silly audit   'image-size': [ '1.2.1' ],
52 silly audit   'import-fresh': [ '3.3.1' ],
52 silly audit   'resolve-from': [ '4.0.0', '5.0.0' ],
52 silly audit   imurmurhash: [ '0.1.4' ],
52 silly audit   inflight: [ '1.0.6' ],
52 silly audit   inherits: [ '2.0.4' ],
52 silly audit   ini: [ '1.3.8' ],
52 silly audit   'inline-style-prefixer': [ '7.0.1' ],
52 silly audit   'internal-slot': [ '1.1.0' ],
52 silly audit   invariant: [ '2.2.4' ],
52 silly audit   'is-array-buffer': [ '3.0.5' ],
52 silly audit   'is-arrayish': [ '0.3.4' ],
52 silly audit   'is-async-function': [ '2.1.1' ],
52 silly audit   'is-bigint': [ '1.1.0' ],
52 silly audit   'is-boolean-object': [ '1.2.2' ],
52 silly audit   'is-bun-module': [ '2.0.0' ],
52 silly audit   'is-callable': [ '1.2.7' ],
52 silly audit   'is-core-module': [ '2.16.2' ],
52 silly audit   'is-data-view': [ '1.0.2' ],
52 silly audit   'is-date-object': [ '1.1.0' ],
52 silly audit   'is-docker': [ '2.2.1' ],
52 silly audit   'is-document.all': [ '1.0.0' ],
52 silly audit   'is-extglob': [ '2.1.1' ],
52 silly audit   'is-finalizationregistry': [ '1.1.1' ],
52 silly audit   'is-fullwidth-code-point': [ '3.0.0' ],
52 silly audit   'is-generator-function': [ '1.1.2' ],
52 silly audit   'is-glob': [ '4.0.3' ],
52 silly audit   'is-map': [ '2.0.3' ],
52 silly audit   'is-negative-zero': [ '2.0.3' ],
52 silly audit   'is-number': [ '7.0.0' ],
52 silly audit   'is-number-object': [ '1.1.1' ],
52 silly audit   'is-plain-obj': [ '2.1.0' ],
52 silly audit   'is-regex': [ '1.2.1' ],
52 silly audit   'is-set': [ '2.0.3' ],
52 silly audit   'is-shared-array-buffer': [ '1.0.4' ],
52 silly audit   'is-string': [ '1.1.1' ],
52 silly audit   'is-symbol': [ '1.1.1' ],
52 silly audit   'is-typed-array': [ '1.1.15' ],
52 silly audit   'is-weakmap': [ '2.0.2' ],
52 silly audit   'is-weakref': [ '1.1.1' ],
52 silly audit   'is-weakset': [ '2.0.4' ],
52 silly audit   'is-wsl': [ '2.2.0' ],
52 silly audit   isarray: [ '2.0.5' ],
52 silly audit   isexe: [ '2.0.0' ],
52 silly audit   'istanbul-lib-coverage': [ '3.2.2' ],
52 silly audit   'istanbul-lib-instrument': [ '5.2.1' ],
52 silly audit   'iterator.prototype': [ '1.1.5' ],
52 silly audit   jackspeak: [ '3.4.3' ],
52 silly audit   'jest-environment-node': [ '29.7.0' ],
52 silly audit   'jest-get-type': [ '29.6.3' ],
52 silly audit   'jest-haste-map': [ '29.7.0' ],
52 silly audit   'jest-message-util': [ '29.7.0' ],
52 silly audit   'jest-mock': [ '29.7.0' ],
52 silly audit   'jest-regex-util': [ '29.6.3' ],
52 silly audit   'jest-util': [ '29.7.0' ],
52 silly audit   'jest-validate': [ '29.7.0' ],
52 silly audit   'jest-worker': [ '29.7.0' ],
52 silly audit   'jimp-compact': [ '0.16.1' ],
52 silly audit   'js-tokens': [ '4.0.0' ],
52 silly audit   'jsc-safe-url': [ '0.2.4' ],
52 silly audit   jsesc: [ '3.1.0' ],
52 silly audit   'json-buffer': [ '3.0.1' ],
52 silly audit   'json-schema-traverse': [ '0.4.1' ],
52 silly audit   'json-stable-stringify': [ '1.3.0' ],
52 silly audit   'json-stable-stringify-without-jsonify': [ '1.0.1' ],
52 silly audit   json5: [ '2.2.3', '1.0.2' ],
52 silly audit   jsonfile: [ '6.2.1' ],
52 silly audit   jsonify: [ '0.0.1' ],
52 silly audit   'jsx-ast-utils': [ '3.3.5' ],
52 silly audit   keyv: [ '4.5.4' ],
52 silly audit   'klaw-sync': [ '6.0.0' ],
52 silly audit   kleur: [ '3.0.3' ],
52 silly audit   'lan-network': [ '0.2.1' ],
52 silly audit   leven: [ '3.1.0' ],
52 silly audit   levn: [ '0.4.1' ],
52 silly audit   'lighthouse-logger': [ '1.4.2' ],
52 silly audit   lightningcss: [ '1.32.0' ],
52 silly audit   'lightningcss-android-arm64': [ '1.32.0' ],
52 silly audit   'lightningcss-darwin-arm64': [ '1.32.0' ],
52 silly audit   'lightningcss-darwin-x64': [ '1.32.0' ],
52 silly audit   'lightningcss-freebsd-x64': [ '1.32.0' ],
52 silly audit   'lightningcss-linux-arm-gnueabihf': [ '1.32.0' ],
52 silly audit   'lightningcss-linux-arm64-gnu': [ '1.32.0' ],
52 silly audit   'lightningcss-linux-arm64-musl': [ '1.32.0' ],
52 silly audit   'lightningcss-linux-x64-gnu': [ '1.32.0' ],
52 silly audit   'lightningcss-linux-x64-musl': [ '1.32.0' ],
52 silly audit   'lightningcss-win32-arm64-msvc': [ '1.32.0' ],
52 silly audit   'lightningcss-win32-x64-msvc': [ '1.32.0' ],
52 silly audit   'lines-and-columns': [ '1.2.4' ],
52 silly audit   'lodash.debounce': [ '4.0.8' ],
52 silly audit   'lodash.merge': [ '4.6.2' ],
52 silly audit   'lodash.throttle': [ '4.1.1' ],
52 silly audit   'log-symbols': [ '2.2.0' ],
52 silly audit   'loose-envify': [ '1.4.0' ],
52 silly audit   makeerror: [ '1.0.12' ],
52 silly audit   marky: [ '1.3.0' ],
52 silly audit   'math-intrinsics': [ '1.1.0' ],
52 silly audit   'memoize-one': [ '5.2.1', '6.0.0' ],
52 silly audit   'merge-options': [ '3.0.4' ],
52 silly audit   'merge-stream': [ '2.0.0' ],
52 silly audit   metro: [ '0.83.3' ],
52 silly audit   'metro-babel-transformer': [ '0.83.3' ],
52 silly audit   'metro-cache': [ '0.83.3' ],
52 silly audit   'metro-cache-key': [ '0.83.3' ],
52 silly audit   'metro-config': [ '0.83.3' ],
52 silly audit   'metro-core': [ '0.83.3' ],
52 silly audit   'metro-file-map': [ '0.83.3' ],
52 silly audit   'metro-minify-terser': [ '0.83.3' ],
52 silly audit   'metro-resolver': [ '0.83.3' ],
52 silly audit   'metro-runtime': [ '0.83.3' ],
52 silly audit   'metro-source-map': [ '0.83.3' ],
52 silly audit   'metro-symbolicate': [ '0.83.3' ],
52 silly audit   'metro-transform-plugins': [ '0.83.3' ],
52 silly audit   'metro-transform-worker': [ '0.83.3' ],
52 silly audit   micromatch: [ '4.0.8' ],
52 silly audit   mime: [ '1.6.0' ],
52 silly audit   'mime-db': [ '1.52.0' ],
52 silly audit   'mime-types': [ '2.1.35' ],
52 silly audit   'mimic-fn': [ '1.2.0' ],
52 silly audit   minimist: [ '1.2.8' ],
52 silly audit   minipass: [ '7.1.3' ],
52 silly audit   minizlib: [ '3.1.0' ],
52 silly audit   mkdirp: [ '1.0.4' ],
52 silly audit   mz: [ '2.7.0' ],
52 silly audit   nanoid: [ '3.3.16' ],
52 silly audit   'napi-postinstall': [ '0.3.4' ],
52 silly audit   'natural-compare': [ '1.4.0' ],
52 silly audit   'nested-error-stacks': [ '2.0.1' ],
52 silly audit   'node-exports-info': [ '1.6.2' ],
52 silly audit   'node-fetch': [ '2.7.0' ],
52 silly audit   'node-forge': [ '1.4.0' ],
52 silly audit   'node-int64': [ '0.4.0' ],
52 silly audit   'node-releases': [ '2.0.51' ],
52 silly audit   'normalize-path': [ '3.0.0' ],
52 silly audit   'npm-package-arg': [ '11.0.3' ],
52 silly audit   nullthrows: [ '1.1.1' ],
52 silly audit   ob1: [ '0.83.3' ],
52 silly audit   'object-assign': [ '4.1.1' ],
52 silly audit   'object-inspect': [ '1.13.4' ],
52 silly audit   'object-keys': [ '1.1.1' ],
52 silly audit   'object.assign': [ '4.1.7' ],
52 silly audit   'object.entries': [ '1.1.9' ],
52 silly audit   'object.fromentries': [ '2.0.8' ],
52 silly audit   'object.groupby': [ '1.0.3' ],
52 silly audit   'object.values': [ '1.2.1' ],
52 silly audit   'on-finished': [ '2.3.0', '2.4.1' ],
52 silly audit   'on-headers': [ '1.1.0' ],
52 silly audit   once: [ '1.4.0' ],
52 silly audit   onetime: [ '2.0.1' ],
52 silly audit   optionator: [ '0.9.4' ],
52 silly audit   ora: [ '3.4.0' ],
52 silly audit   'own-keys': [ '1.0.1' ],
52 silly audit   'p-try': [ '2.2.0' ],
52 silly audit   'package-json-from-dist': [ '1.0.1' ],
52 silly audit   'parent-module': [ '1.0.1' ],
52 silly audit   'parse-png': [ '2.1.0' ],
52 silly audit   parseurl: [ '1.3.3' ],
52 silly audit   'patch-package': [ '8.0.1' ],
52 silly audit   slash: [ '2.0.0', '3.0.0' ],
52 silly audit   'path-exists': [ '4.0.0' ],
52 silly audit   'path-is-absolute': [ '1.0.1' ],
52 silly audit   'path-key': [ '3.1.1' ],
52 silly audit   'path-parse': [ '1.0.7' ],
52 silly audit   picocolors: [ '1.1.1' ],
52 silly audit   pirates: [ '4.0.7' ],
52 silly audit   plist: [ '3.1.1' ],
52 silly audit   pngjs: [ '3.4.0' ],
52 silly audit   'possible-typed-array-names': [ '1.1.0' ],
52 silly audit   postcss: [ '8.4.49' ],
52 silly audit   'postcss-value-parser': [ '4.2.0' ],
52 silly audit   'prelude-ls': [ '1.2.1' ],
52 silly audit   'pretty-bytes': [ '5.6.0' ],
52 silly audit   'pretty-format': [ '29.7.0' ],
52 silly audit   'proc-log': [ '4.2.0' ],
52 silly audit   progress: [ '2.0.3' ],
52 silly audit   prompts: [ '2.4.2' ],
52 silly audit   'prop-types': [ '15.8.1' ],
52 silly audit   punycode: [ '2.3.1' ],
52 silly audit   'qrcode-terminal': [ '0.11.0' ],
52 silly audit   'query-string': [ '7.1.3' ],
52 silly audit   queue: [ '6.0.2' ],
52 silly audit   'range-parser': [ '1.2.1' ],
52 silly audit   rc: [ '1.2.8' ],
52 silly audit   'strip-json-comments': [ '2.0.1', '3.1.1' ],
52 silly audit   react: [ '19.1.0' ],
52 silly audit   'react-devtools-core': [ '6.1.5' ],
52 silly audit   'react-dom': [ '19.1.0' ],
52 silly audit   'react-fast-compare': [ '3.2.2' ],
52 silly audit   'react-freeze': [ '1.0.4' ],
52 silly audit   'react-native': [ '0.81.5' ],
52 silly audit   'react-native-gesture-handler': [ '2.28.0' ],
52 silly audit   'react-native-is-edge-to-edge': [ '1.3.1' ],
52 silly audit   'react-native-reanimated': [ '4.1.7' ],
52 silly audit   'react-native-safe-area-context': [ '5.6.2' ],
52 silly audit   'react-native-screens': [ '4.16.0' ],
52 silly audit   'react-native-web': [ '0.21.2' ],
52 silly audit   'react-native-worklets': [ '0.5.1' ],
52 silly audit   '@react-native/virtualized-lists': [ '0.81.5' ],
52 silly audit   'react-refresh': [ '0.14.2' ],
52 silly audit   'react-remove-scroll': [ '2.7.2' ],
52 silly audit   'react-remove-scroll-bar': [ '2.3.8' ],
52 silly audit   'react-style-singleton': [ '2.2.3' ],
52 silly audit   'reflect.getprototypeof': [ '1.0.10' ],
52 silly audit   regenerate: [ '1.4.2' ],
52 silly audit   'regenerate-unicode-properties': [ '10.2.2' ],
52 silly audit   'regenerator-runtime': [ '0.13.11' ],
52 silly audit   'regexp.prototype.flags': [ '1.5.4' ],
52 silly audit   'regexpu-core': [ '6.4.0' ],
52 silly audit   regjsgen: [ '0.8.0' ],
52 silly audit   regjsparser: [ '0.13.2' ],
52 silly audit   'require-directory': [ '2.1.1' ],
52 silly audit   'require-from-string': [ '2.0.2' ],
52 silly audit   requireg: [ '0.2.2' ],
52 silly audit   'resolve-pkg-maps': [ '1.0.0' ],
52 silly audit   'resolve-workspace-root': [ '2.0.1' ],
52 silly audit   'resolve.exports': [ '2.0.3' ],
52 silly audit   'restore-cursor': [ '2.0.0' ],
52 silly audit   rimraf: [ '3.0.2' ],
52 silly audit   'safe-array-concat': [ '1.1.4' ],
52 silly audit   'safe-buffer': [ '5.2.1' ],
52 silly audit   'safe-push-apply': [ '1.0.0' ],
52 silly audit   'safe-regex-test': [ '1.1.0' ],
52 silly audit   sax: [ '1.6.0' ],
52 silly audit   scheduler: [ '0.26.0' ],
52 silly audit   send: [ '0.19.2' ],
52 silly audit   'serialize-error': [ '2.1.0' ],
52 silly audit   'serve-static': [ '1.16.3' ],
52 silly audit   'server-only': [ '0.0.1' ],
52 silly audit   'set-function-length': [ '1.2.2' ],
52 silly audit   'set-function-name': [ '2.0.2' ],
52 silly audit   'set-proto': [ '1.0.0' ],
52 silly audit   setimmediate: [ '1.0.5' ],
52 silly audit   setprototypeof: [ '1.2.0' ],
52 silly audit   'sf-symbols-typescript': [ '2.2.0' ],
52 silly audit   shallowequal: [ '1.1.0' ],
52 silly audit   'shebang-command': [ '2.0.0' ],
52 silly audit   'shebang-regex': [ '3.0.0' ],
52 silly audit   'shell-quote': [ '1.10.0' ],
52 silly audit   'side-channel': [ '1.1.1' ],
52 silly audit   'side-channel-list': [ '1.0.1' ],
52 silly audit   'side-channel-map': [ '1.0.1' ],
52 silly audit   'side-channel-weakmap': [ '1.0.2' ],
52 silly audit   'simple-plist': [ '1.3.1' ],
52 silly audit   'simple-swizzle': [ '0.2.4' ],
52 silly audit   sisteransi: [ '1.0.5' ],
52 silly audit   slugify: [ '1.6.9' ],
52 silly audit   'source-map': [ '0.5.7', '0.6.1' ],
52 silly audit   'source-map-js': [ '1.2.1' ],
52 silly audit   'source-map-support': [ '0.5.21' ],
52 silly audit   'split-on-first': [ '1.1.0' ],
52 silly audit   'sprintf-js': [ '1.0.3' ],
52 silly audit   'stable-hash': [ '0.0.5' ],
52 silly audit   'stack-utils': [ '2.0.6' ],
52 silly audit   stackframe: [ '1.3.4' ],
52 silly audit   'stacktrace-parser': [ '0.1.11' ],
52 silly audit   'standard-navigation': [ '0.0.8' ],
52 silly audit   'stop-iteration-iterator': [ '1.1.0' ],
52 silly audit   'stream-buffers': [ '2.2.0' ],
52 silly audit   'strict-uri-encode': [ '2.0.0' ],
52 silly audit   'string.prototype.matchall': [ '4.0.12' ],
52 silly audit   'string.prototype.repeat': [ '1.0.0' ],
52 silly audit   'string.prototype.trim': [ '1.2.11' ],
52 silly audit   'string.prototype.trimend': [ '1.0.10' ],
52 silly audit   'string.prototype.trimstart': [ '1.0.8' ],
52 silly audit   'strip-bom': [ '3.0.0' ],
52 silly audit   'structured-headers': [ '0.4.1' ],
52 silly audit   styleq: [ '0.1.3' ],
52 silly audit   sucrase: [ '3.35.1' ],
52 silly audit   'supports-hyperlinks': [ '2.3.0' ],
52 silly audit   'supports-preserve-symlinks-flag': [ '1.0.0' ],
52 silly audit   tar: [ '7.5.20' ],
52 silly audit   yallist: [ '5.0.0', '3.1.1' ],
52 silly audit   'terminal-link': [ '2.1.1' ],
52 silly audit   terser: [ '5.49.0' ],
52 silly audit   'test-exclude': [ '6.0.0' ],
52 silly audit   thenify: [ '3.3.1' ],
52 silly audit   'thenify-all': [ '1.6.0' ],
52 silly audit   throat: [ '5.0.0' ],
52 silly audit   tinyglobby: [ '0.2.17' ],
52 silly audit   fdir: [ '6.5.0' ],
52 silly audit   tmp: [ '0.2.7' ],
52 silly audit   tmpl: [ '1.0.5' ],
52 silly audit   'to-regex-range': [ '5.0.1' ],
52 silly audit   toidentifier: [ '1.0.1' ],
52 silly audit   tr46: [ '0.0.3' ],
52 silly audit   'ts-api-utils': [ '2.5.0' ],
52 silly audit   'ts-interface-checker': [ '0.1.13' ],
52 silly audit   'tsconfig-paths': [ '3.15.0' ],
52 silly audit   tslib: [ '2.8.1' ],
52 silly audit   'type-check': [ '0.4.0' ],
52 silly audit   'type-detect': [ '4.0.8' ],
52 silly audit   'typed-array-buffer': [ '1.0.3' ],
52 silly audit   'typed-array-byte-length': [ '1.0.3' ],
52 silly audit   'typed-array-byte-offset': [ '1.0.4' ],
52 silly audit   'typed-array-length': [ '1.0.8' ],
52 silly audit   typescript: [ '5.9.3' ],
52 silly audit   'ua-parser-js': [ '1.0.41' ],
52 silly audit   'unbox-primitive': [ '1.1.0' ],
52 silly audit   undici: [ '6.27.0' ],
52 silly audit   'undici-types': [ '8.3.0' ],
52 silly audit   'unicode-canonical-property-names-ecmascript': [ '2.0.1' ],
52 silly audit   'unicode-match-property-ecmascript': [ '2.0.0' ],
52 silly audit   'unicode-match-property-value-ecmascript': [ '2.2.1' ],
52 silly audit   'unicode-property-aliases-ecmascript': [ '2.2.0' ],
52 silly audit   universalify: [ '2.0.1' ],
52 silly audit   unpipe: [ '1.0.0' ],
52 silly audit   'unrs-resolver': [ '1.12.2' ],
52 silly audit   'update-browserslist-db': [ '1.2.3' ],
52 silly audit   'uri-js': [ '4.4.1' ],
52 silly audit   'use-callback-ref': [ '1.3.3' ],
52 silly audit   'use-latest-callback': [ '0.2.6' ],
52 silly audit   'use-sidecar': [ '1.1.3' ],
52 silly audit   'use-sync-external-store': [ '1.6.0' ],
52 silly audit   'utils-merge': [ '1.0.1' ],
52 silly audit   uuid: [ '7.0.3' ],
52 silly audit   'validate-npm-package-name': [ '5.0.1' ],
52 silly audit   vary: [ '1.1.2' ],
52 silly audit   vaul: [ '1.1.2' ],
52 silly audit   '@radix-ui/react-dialog': [ '1.1.19' ],
52 silly audit   '@radix-ui/react-dismissable-layer': [ '1.1.15' ],
52 silly audit   '@radix-ui/react-focus-scope': [ '1.1.12' ],
52 silly audit   '@radix-ui/react-portal': [ '1.1.13' ],
52 silly audit   vlq: [ '1.0.1' ],
52 silly audit   walker: [ '1.0.8' ],
52 silly audit   'warn-once': [ '0.1.1' ],
52 silly audit   wcwidth: [ '1.0.1' ],
52 silly audit   'webidl-conversions': [ '3.0.1', '5.0.0' ],
52 silly audit   'whatwg-fetch': [ '3.6.20' ],
52 silly audit   'whatwg-url': [ '5.0.0' ],
52 silly audit   'whatwg-url-without-unicode': [ '8.0.0-3' ],
52 silly audit   which: [ '2.0.2' ],
52 silly audit   'which-boxed-primitive': [ '1.1.1' ],
52 silly audit   'which-builtin-type': [ '1.2.1' ],
52 silly audit   'which-collection': [ '1.0.2' ],
52 silly audit   'which-typed-array': [ '1.1.22' ],
52 silly audit   wonka: [ '6.3.6' ],
52 silly audit   'word-wrap': [ '1.2.5' ],
52 silly audit   wrappy: [ '1.0.2' ],
52 silly audit   'write-file-atomic': [ '4.0.2' ],
52 silly audit   xcode: [ '3.0.1' ],
52 silly audit   xml2js: [ '0.6.0' ],
52 silly audit   xmlbuilder: [ '11.0.1', '15.1.1' ],
52 silly audit   y18n: [ '5.0.8' ],
52 silly audit   yaml: [ '2.9.0' ],
52 silly audit   yargs: [ '17.7.3' ],
52 silly audit   'yargs-parser': [ '21.1.1' ],
52 silly audit   'yocto-queue': [ '0.1.0' ],
52 silly audit   'expo-speech': [ '14.0.8' ]
52 silly audit }
53 http cache expo-speech@https://registry.npmjs.org/expo-speech/-/expo-speech-14.0.8.tgz 0ms (cache hit)
54 silly tarball no local data for expo-speech@https://registry.npmjs.org/expo-speech/-/expo-speech-14.0.8.tgz. Extracting by manifest.
55 http fetch POST 200 https://registry.npmjs.org/-/npm/v1/security/advisories/bulk 419ms
56 silly audit report {
56 silly audit report   postcss: [
56 silly audit report     {
56 silly audit report       id: 1117015,
56 silly audit report       url: 'https://github.com/advisories/GHSA-qx2v-qp2m-jg93',
56 silly audit report       title: 'PostCSS has XSS via Unescaped </style> in its CSS Stringify Output',
56 silly audit report       severity: 'moderate',
56 silly audit report       vulnerable_versions: '<8.5.10',
56 silly audit report       cwe: [Array],
56 silly audit report       cvss: [Object]
56 silly audit report     },
56 silly audit report     {
56 silly audit report       id: 1124252,
56 silly audit report       url: 'https://github.com/advisories/GHSA-6g55-p6wh-862q',
56 silly audit report       title: 'PostCSS: Arbitrary file read and information disclosure via attacker-controlled sourceMappingURL in CSS comments',
56 silly audit report       severity: 'high',
56 silly audit report       vulnerable_versions: '<=8.5.11',
56 silly audit report       cwe: [Array],
56 silly audit report       cvss: [Object]
56 silly audit report     }
56 silly audit report   ],
56 silly audit report   uuid: [
56 silly audit report     {
56 silly audit report       id: 1119441,
56 silly audit report       url: 'https://github.com/advisories/GHSA-w5hq-g745-h8pq',
56 silly audit report       title: 'uuid: Missing buffer bounds check in v3/v5/v6 when buf is provided',
56 silly audit report       severity: 'moderate',
56 silly audit report       vulnerable_versions: '<11.1.1',
56 silly audit report       cwe: [Array],
56 silly audit report       cvss: [Object]
56 silly audit report     }
56 silly audit report   ]
56 silly audit report }
57 silly packumentCache corgi:https://registry.npmjs.org/postcss cache-miss
58 silly packumentCache corgi:https://registry.npmjs.org/uuid cache-miss
59 http cache https://registry.npmjs.org/uuid 16ms (cache hit)
60 silly packumentCache corgi:https://registry.npmjs.org/uuid set size:82973 disposed:false
61 http cache https://registry.npmjs.org/postcss 21ms (cache hit)
62 silly packumentCache corgi:https://registry.npmjs.org/postcss set size:351696 disposed:false
63 silly packumentCache corgi:https://registry.npmjs.org/@expo%2fmetro-config cache-miss
64 http cache https://registry.npmjs.org/@expo%2fmetro-config 15ms (cache hit)
65 silly packumentCache corgi:https://registry.npmjs.org/@expo%2fmetro-config set size:617440 disposed:false
66 silly packumentCache corgi:https://registry.npmjs.org/xcode cache-miss
67 http cache https://registry.npmjs.org/xcode 20ms (cache hit)
68 silly packumentCache corgi:https://registry.npmjs.org/xcode set size:1850340 disposed:false
69 silly packumentCache corgi:https://registry.npmjs.org/expo cache-miss
70 silly packumentCache corgi:https://registry.npmjs.org/@expo%2fcli cache-miss
71 http cache https://registry.npmjs.org/@expo%2fcli 37ms (cache hit)
72 silly packumentCache corgi:https://registry.npmjs.org/@expo%2fcli set size:1735500 disposed:false
73 http cache https://registry.npmjs.org/expo 77ms (cache hit)
74 silly packumentCache corgi:https://registry.npmjs.org/expo set size:1825460 disposed:false
75 silly packumentCache corgi:https://registry.npmjs.org/@expo%2fconfig-plugins cache-miss
76 http cache https://registry.npmjs.org/@expo%2fconfig-plugins 17ms (cache hit)
77 silly packumentCache corgi:https://registry.npmjs.org/@expo%2fconfig-plugins set size:436600 disposed:false
78 silly packumentCache corgi:https://registry.npmjs.org/@expo%2fmetro-runtime cache-miss
79 silly packumentCache corgi:https://registry.npmjs.org/@expo%2fprebuild-config cache-miss
80 silly packumentCache corgi:https://registry.npmjs.org/@zhanziyang%2fexpo-text-extractor cache-miss
81 silly packumentCache corgi:https://registry.npmjs.org/expo-camera cache-miss
82 silly packumentCache corgi:https://registry.npmjs.org/expo-constants cache-miss
83 silly packumentCache corgi:https://registry.npmjs.org/expo-file-system cache-miss
84 silly packumentCache corgi:https://registry.npmjs.org/expo-font cache-miss
85 silly packumentCache corgi:https://registry.npmjs.org/expo-haptics cache-miss
86 silly packumentCache corgi:https://registry.npmjs.org/expo-image cache-miss
87 silly packumentCache corgi:https://registry.npmjs.org/expo-router cache-miss
88 silly packumentCache corgi:https://registry.npmjs.org/expo-share-intent cache-miss
89 silly packumentCache corgi:https://registry.npmjs.org/expo-sharing cache-miss
90 silly packumentCache corgi:https://registry.npmjs.org/expo-speech-recognition cache-miss
91 silly packumentCache corgi:https://registry.npmjs.org/expo-splash-screen cache-miss
92 silly packumentCache corgi:https://registry.npmjs.org/expo-symbols cache-miss
93 silly packumentCache corgi:https://registry.npmjs.org/expo-system-ui cache-miss
94 silly packumentCache corgi:https://registry.npmjs.org/expo-web-browser cache-miss
95 silly packumentCache corgi:https://registry.npmjs.org/babel-preset-expo cache-miss
96 silly packumentCache corgi:https://registry.npmjs.org/expo-asset cache-miss
97 silly packumentCache corgi:https://registry.npmjs.org/expo-keep-awake cache-miss
98 silly packumentCache corgi:https://registry.npmjs.org/expo-speech cache-miss
99 http cache https://registry.npmjs.org/expo-camera 148ms (cache hit)
100 silly packumentCache corgi:https://registry.npmjs.org/expo-camera set size:316434 disposed:false
101 http cache https://registry.npmjs.org/expo-file-system 154ms (cache hit)
102 silly packumentCache corgi:https://registry.npmjs.org/expo-file-system set size:303050 disposed:false
103 http cache https://registry.npmjs.org/expo-constants 160ms (cache hit)
104 silly packumentCache corgi:https://registry.npmjs.org/expo-constants set size:307595 disposed:false
105 http cache https://registry.npmjs.org/@expo%2fprebuild-config 170ms (cache hit)
106 silly packumentCache corgi:https://registry.npmjs.org/@expo%2fprebuild-config set size:410420 disposed:false
107 http cache https://registry.npmjs.org/expo-haptics 167ms (cache hit)
108 silly packumentCache corgi:https://registry.npmjs.org/expo-haptics set size:185878 disposed:false
109 http cache https://registry.npmjs.org/expo-share-intent 167ms (cache hit)
110 silly packumentCache corgi:https://registry.npmjs.org/expo-share-intent set size:82979 disposed:false
111 http cache https://registry.npmjs.org/expo-image 172ms (cache hit)
112 silly packumentCache corgi:https://registry.npmjs.org/expo-image set size:243314 disposed:false
113 http cache https://registry.npmjs.org/expo-router 176ms (cache hit)
114 silly packumentCache corgi:https://registry.npmjs.org/expo-router set size:999240 disposed:false
115 http cache https://registry.npmjs.org/expo-speech-recognition 187ms (cache hit)
116 silly packumentCache corgi:https://registry.npmjs.org/expo-speech-recognition set size:30125 disposed:false
117 http cache https://registry.npmjs.org/expo-font 197ms (cache hit)
118 silly packumentCache corgi:https://registry.npmjs.org/expo-font set size:253684 disposed:false
119 http cache https://registry.npmjs.org/expo-sharing 195ms (cache hit)
120 silly packumentCache corgi:https://registry.npmjs.org/expo-sharing set size:238703 disposed:false
121 http cache https://registry.npmjs.org/expo-web-browser 196ms (cache hit)
122 silly packumentCache corgi:https://registry.npmjs.org/expo-web-browser set size:219405 disposed:false
123 http cache https://registry.npmjs.org/expo-symbols 202ms (cache hit)
124 silly packumentCache corgi:https://registry.npmjs.org/expo-symbols set size:157116 disposed:false
125 http cache https://registry.npmjs.org/expo-system-ui 204ms (cache hit)
126 silly packumentCache corgi:https://registry.npmjs.org/expo-system-ui set size:214804 disposed:false
127 http cache https://registry.npmjs.org/@zhanziyang%2fexpo-text-extractor 226ms (cache hit)
128 silly packumentCache corgi:https://registry.npmjs.org/@zhanziyang%2fexpo-text-extractor set size:2773 disposed:false
129 http cache https://registry.npmjs.org/expo-keep-awake 219ms (cache hit)
130 silly packumentCache corgi:https://registry.npmjs.org/expo-keep-awake set size:199375 disposed:false
131 http cache https://registry.npmjs.org/expo-splash-screen 233ms (cache hit)
132 silly packumentCache corgi:https://registry.npmjs.org/expo-splash-screen set size:297968 disposed:false
133 http cache https://registry.npmjs.org/@expo%2fmetro-runtime 256ms (cache hit)
134 silly packumentCache corgi:https://registry.npmjs.org/@expo%2fmetro-runtime set size:215422 disposed:false
135 http cache https://registry.npmjs.org/expo-asset 240ms (cache hit)
136 silly packumentCache corgi:https://registry.npmjs.org/expo-asset set size:324075 disposed:false
137 http cache https://registry.npmjs.org/babel-preset-expo 247ms (cache hit)
138 silly packumentCache corgi:https://registry.npmjs.org/babel-preset-expo set size:603099 disposed:false
139 http fetch GET 200 https://registry.npmjs.org/expo-speech/-/expo-speech-14.0.8.tgz 1048ms (cache miss)
140 http fetch GET 200 https://registry.npmjs.org/expo-speech 1492ms (cache miss)
141 silly packumentCache corgi:https://registry.npmjs.org/expo-speech set size:undefined disposed:false
142 silly packumentCache corgi:https://registry.npmjs.org/@expo%2fconfig cache-miss
143 http cache https://registry.npmjs.org/@expo%2fconfig 30ms (cache hit)
144 silly packumentCache corgi:https://registry.npmjs.org/@expo%2fconfig set size:563473 disposed:false
145 silly packumentCache corgi:https://registry.npmjs.org/expo-linking cache-miss
146 http cache https://registry.npmjs.org/expo-linking 32ms (cache hit)
147 silly packumentCache corgi:https://registry.npmjs.org/expo-linking set size:227777 disposed:false
148 silly ADD node_modules/expo-speech
149 warn allow-scripts 1 package has install scripts not yet covered by allowScripts:
149 warn allow-scripts   unrs-resolver@1.12.2 (install: (install scripts present))
149 warn allow-scripts
149 warn allow-scripts Run `npm approve-scripts --allow-scripts-pending` to review, or `npm approve-scripts <pkg>` to allow.
150 verbose cwd C:\SWE2
151 verbose os Windows_NT 10.0.22631
152 verbose node v26.3.0
153 verbose npm  v11.16.0
154 verbose exit 0
155 info ok
